******************************************************************************
                  TI ARM Linker PC v16.9.6                     
******************************************************************************
>> Linked Mon Nov 03 16:02:30 2025

OUTPUT FILE NAME:   <Lab5_UARTComms.out>
ENTRY POINT SYMBOL: "_c_int00"  address: 00002361


MEMORY CONFIGURATION

         name            origin    length      used     unused   attr    fill
----------------------  --------  ---------  --------  --------  ----  --------
  MAIN                  00000000   00040000  000025a0  0003da60  R  X
  INFO                  00200000   00004000  00000000  00004000  R  X
  SRAM_CODE             01000000   00010000  000039b8  0000c648  RW X
  SRAM_DATA             20000000   00010000  000039b8  0000c648  RW  


SEGMENT ALLOCATION MAP

run origin  load origin   length   init length attrs members
----------  ----------- ---------- ----------- ----- -------
00000000    00000000    000025a0   000025a0    r-x
  00000000    00000000    000000e4   000000e4    r-- .intvecs
  000000e4    000000e4    000023ec   000023ec    r-x .text
  000024d0    000024d0    00000088   00000088    r-- .const
  00002558    00002558    00000048   00000048    r-- .cinit
20000000    20000000    000037b8   00000000    rw-
  20000000    20000000    00003368   00000000    rw- .bss
  20003368    20003368    00000400   00000000    rw- .sysmem
  20003768    20003768    00000050   00000000    rw- .data
2000fe00    2000fe00    00000200   00000000    rw-
  2000fe00    2000fe00    00000200   00000000    rw- .stack


SECTION ALLOCATION MAP

 output                                  attributes/
section   page    origin      length       input sections
--------  ----  ----------  ----------   ----------------
.intvecs   0    00000000    000000e4     
                  00000000    000000e4     startup_msp432p401r_ccs.obj (.intvecs:retain)

.binit     0    00000000    00000000     

.text      0    000000e4    000023ec     
                  000000e4    00000784     Lab5_UARTmain.obj (.text)
                  00000868    000005ba     EUSCIA0.obj (.text)
                  00000e22    00000002     rtsv7M4_T_le_v4SPD16_eabi.lib : mpu_init.obj (.text)
                  00000e24    0000032c     system_msp432p401r.obj (.text)
                  00001150    00000298     Reflectance.obj (.text)
                  000013e8    00000248     LPF.obj (.text)
                  00001630    00000210     FIFO0.obj (.text)
                  00001840    000001e0     Clock.obj (.text)
                  00001a20    000001b0     Motor.obj (.text)
                  00001bd0    00000164     ADC14.obj (.text)
                  00001d34    00000104     TA3InputCapture.obj (.text)
                  00001e38    000000f4     LaunchPad.obj (.text)
                  00001f2c    000000ec     PWM.obj (.text)
                  00002018    000000b0     Bump.obj (.text)
                  000020c8    000000a8     TimerA1.obj (.text)
                  00002170    0000009c     rtsv7M4_T_le_v4SPD16_eabi.lib : memcpy_t2.obj (.text)
                  0000220c    0000007a                                   : memset_t2.obj (.text)
                  00002286    00000002                                   : startup.obj (.text)
                  00002288    00000070                                   : autoinit.obj (.text)
                  000022f8    00000068                                   : copy_decompress_lzss.obj (.text:decompress:lzss)
                  00002360    00000054                                   : boot.obj (.text)
                  000023b4    00000054                                   : exit.obj (.text)
                  00002408    0000004c                                   : cpy_tbl.obj (.text)
                  00002454    00000024     CortexM.obj (.text)
                  00002478    00000018     rtsv7M4_T_le_v4SPD16_eabi.lib : args_main.obj (.text)
                  00002490    00000014                                   : _lock.obj (.text)
                  000024a4    0000000e                                   : copy_decompress_none.obj (.text:decompress:none)
                  000024b2    0000000e     startup_msp432p401r_ccs.obj (.text)
                  000024c0    0000000c     rtsv7M4_T_le_v4SPD16_eabi.lib : copy_zero_init.obj (.text:decompress:ZI)
                  000024cc    00000004                                   : pre_init.obj (.text)

.const     0    000024d0    00000088     
                  000024d0    00000048     Lab5_UARTmain.obj (.const:fsm)
                  00002518    00000020     Reflectance.obj (.const:$P$T0$1)
                  00002538    00000020     Reflectance.obj (.const:$P$T1$2)

.cinit     0    00002558    00000048     
                  00002558    00000021     (.cinit..data.load) [load image, compression = lzss]
                  00002579    00000003     --HOLE-- [fill = 0]
                  0000257c    0000000c     (__TI_handler_table)
                  00002588    00000008     (.cinit..bss.load) [load image, compression = zero_init]
                  00002590    00000010     (__TI_cinit_table)

.init_array 
*          0    00000000    00000000     UNINITIALIZED

.bss       0    20000000    00003368     UNINITIALIZED
                  20000000    00001000     (.common:x)
                  20001000    00001000     (.common:x2)
                  20002000    00001000     (.common:x3)
                  20003000    00000200     (.common:TxHistogram)
                  20003200    00000082     (.common:RxFifo0)
                  20003282    00000082     (.common:TxFifo0)
                  20003304    00000008     (.common:Messagec)
                  2000330c    00000004     (.common:ADCflag)
                  20003310    00000004     (.common:I1)
                  20003314    00000004     (.common:I2)
                  20003318    00000004     (.common:I3)
                  2000331c    00000004     (.common:Input)
                  20003320    00000004     (.common:LPFSum)
                  20003324    00000004     (.common:LPFSum2)
                  20003328    00000004     (.common:LPFSum3)
                  2000332c    00000004     (.common:Messageindexc)
                  20003330    00000004     (.common:Output)
                  20003334    00000004     (.common:Size)
                  20003338    00000004     (.common:Size2)
                  2000333c    00000004     (.common:Size3)
                  20003340    00000004     (.common:Spt)
                  20003344    00000004     (.common:TimerA1Task)
                  20003348    00000004     (.common:bump)
                  2000334c    00000004     (.common:leftSteps)
                  20003350    00000004     (.common:nc)
                  20003354    00000004     (.common:nl)
                  20003358    00000004     (.common:nr)
                  2000335c    00000004     (.common:rightSteps)
                  20003360    00000002     (.common:Tachometer_FirstLeftTime)
                  20003362    00000002     (.common:Tachometer_FirstRightTime)
                  20003364    00000002     (.common:Tachometer_SecondLeftTime)
                  20003366    00000002     (.common:Tachometer_SecondRightTime)

.sysmem    0    20003368    00000400     UNINITIALIZED
                  20003368    00000008     rtsv7M4_T_le_v4SPD16_eabi.lib : memory.obj (.sysmem)
                  20003370    000003f8     --HOLE--

.data      0    20003768    00000050     UNINITIALIZED
                  20003768    00000018     Clock.obj (.data)
                  20003780    00000014     Lab5_UARTmain.obj (.data)
                  20003794    0000000c     rtsv7M4_T_le_v4SPD16_eabi.lib : exit.obj (.data:$O1$$)
                  200037a0    00000008                                   : _lock.obj (.data:$O1$$)
                  200037a8    00000008     TA3InputCapture.obj (.data)
                  200037b0    00000004     rtsv7M4_T_le_v4SPD16_eabi.lib : stkdepth_vars.obj (.data)
                  200037b4    00000004     system_msp432p401r.obj (.data)

.stack     0    2000fe00    00000200     UNINITIALIZED
                  2000fe00    00000200     --HOLE--

MODULE SUMMARY

       Module                        code   ro data   rw data
       ------                        ----   -------   -------
    .\
       LPF.obj                       584    0         24648  
       Lab5_UARTmain.obj             1924   72        136    
       FIFO0.obj                     528    0         1544   
       EUSCIA0.obj                   1466   0         24     
       system_msp432p401r.obj        812    0         8      
       Reflectance.obj               664    64        0      
       Clock.obj                     480    0         48     
       Motor.obj                     432    0         0      
       ADC14.obj                     356    0         0      
       TA3InputCapture.obj           260    0         16     
       LaunchPad.obj                 244    0         0      
       startup_msp432p401r_ccs.obj   14     228       0      
       PWM.obj                       236    0         0      
       Bump.obj                      176    0         0      
       TimerA1.obj                   168    0         8      
       CortexM.obj                   36     0         0      
    +--+-----------------------------+------+---------+---------+
       Total:                        8380   364       26432  
                                                             
    C:\ti\ccsv7\tools\compiler\ti-cgt-arm_16.9.6.LTS\lib\rtsv7M4_T_le_v4SPD16_eabi.lib
       memcpy_t2.obj                 156    0         0      
       memset_t2.obj                 122    0         0      
       autoinit.obj                  112    0         0      
       exit.obj                      84     0         24     
       copy_decompress_lzss.obj      104    0         0      
       boot.obj                      84     0         0      
       cpy_tbl.obj                   76     0         0      
       _lock.obj                     20     0         16     
       args_main.obj                 24     0         0      
       copy_decompress_none.obj      14     0         0      
       copy_zero_init.obj            12     0         0      
       stkdepth_vars.obj             0      0         8      
       pre_init.obj                  4      0         0      
       mpu_init.obj                  2      0         0      
       startup.obj                   2      0         0      
    +--+-----------------------------+------+---------+---------+
       Total:                        816    0         48     
                                                             
       Heap:                         0      0         2048   
       Stack:                        0      0         1024   
       Linker Generated:             0      69        0      
    +--+-----------------------------+------+---------+---------+
       Grand Total:                  9196   433       29552  


LINKER GENERATED COPY TABLES

__TI_cinit_table @ 00002590 records: 2, size/record: 8, table size: 16
	.data: load addr=00002558, load size=00000021 bytes, run addr=20003768, run size=00000050 bytes, compression=lzss
	.bss: load addr=00002588, load size=00000008 bytes, run addr=20000000, run size=00003368 bytes, compression=zero_init


LINKER GENERATED HANDLER TABLE

__TI_handler_table @ 0000257c records: 3, size/record: 4, table size: 12
	index: 0, handler: __TI_decompress_lzss
	index: 1, handler: __TI_decompress_none
	index: 2, handler: __TI_zero_init


GLOBAL SYMBOLS: SORTED ALPHABETICALLY BY Name 

address   name                           
-------   ----                           
00001bd1  ADC0_InitSWTriggerCh12         
00001c41  ADC0_InitSWTriggerCh17_12_16   
000024bf  ADC14_IRQHandler               
00001c21  ADC_In12                       
00001cb1  ADC_In17_12_16                 
2000330c  ADCflag                        
000024bf  AES256_IRQHandler              
00002019  Bump_Init                      
0000204d  Bump_Read                      
000024bf  BusFault_Handler               
000023b5  C$$EXIT                        
00000485  CASEFOLLOWBLACK                
00000561  CASETWO                        
000024bf  COMP_E0_IRQHandler             
000024bf  COMP_E1_IRQHandler             
0000043f  COUNTBLACKLINES                
20003770  CPMwait                        
000024bf  CS_IRQHandler                  
200037a8  CaptureTask0                   
200037ac  CaptureTask2                   
20003768  ClockFrequency                 
00001995  Clock_Delay1ms                 
0000196b  Clock_Delay1us                 
00001957  Clock_GetFreq                  
00001841  Clock_Init48MHz                
2000377c  Crystalstable                  
000024bf  DMA_ERR_IRQHandler             
000024bf  DMA_INT0_IRQHandler            
000024bf  DMA_INT1_IRQHandler            
000024bf  DMA_INT2_IRQHandler            
000024bf  DMA_INT3_IRQHandler            
000024bf  DebugMon_Handler               
000024bf  Default_Handler                
00002455  DisableInterrupts              
000008fb  EUSCIA0_IRQHandler             
000008fb  EUSCIA0_IRQHandler             
000008cf  EUSCIA0_InChar                 
00000d99  EUSCIA0_InString               
0000094f  EUSCIA0_InUDec                 
00000c4d  EUSCIA0_InUHex                 
00000869  EUSCIA0_Init                   
000008e1  EUSCIA0_OutChar                
00000931  EUSCIA0_OutString              
000009d3  EUSCIA0_OutUDec                
00000b65  EUSCIA0_OutUDec4               
00000b9d  EUSCIA0_OutUDec5               
00000bd9  EUSCIA0_OutUFix1               
00000c01  EUSCIA0_OutUFix2               
00000d15  EUSCIA0_OutUHex                
00000d7b  EUSCIA0_OutUHex2               
00000d59  EUSCIA0outnibble               
000024bf  EUSCIA1_IRQHandler             
000024bf  EUSCIA2_IRQHandler             
000024bf  EUSCIA3_IRQHandler             
000024bf  EUSCIB0_IRQHandler             
000024bf  EUSCIB1_IRQHandler             
000024bf  EUSCIB2_IRQHandler             
000024bf  EUSCIB3_IRQHandler             
0000245b  EnableInterrupts               
0000246b  EndCritical                    
000024bf  FLCTL_IRQHandler               
000024bf  FPU_IRQHandler                 
000024bf  HardFault_Handler              
20003310  I1                             
20003314  I2                             
20003318  I3                             
20003778  IFlags                         
2000331c  Input                          
000003dd  LED                            
20003320  LPFSum                         
20003324  LPFSum2                        
20003328  LPFSum3                        
00001447  LPF_Calc                       
000014f9  LPF_Calc2                      
000015ab  LPF_Calc3                      
000013e9  LPF_Init                       
0000149b  LPF_Init2                      
0000154d  LPF_Init3                      
00001e39  LaunchPad_Init                 
00001ea9  LaunchPad_Input                
00001ec3  LaunchPad_LED                  
00001ee1  LaunchPad_Output               
000024bf  MemManage_Handler              
20003304  Messagec                       
2000332c  Messageindexc                  
00001b71  Motor_Backward                 
00001acd  Motor_Forward                  
00001a21  Motor_Init                     
00001b37  Motor_Left                     
00001afd  Motor_Right                    
00001aa9  Motor_Stop                     
000024bf  NMI_Handler                    
20003330  Output                         
000024bf  PCM_IRQHandler                 
000024bf  PORT1_IRQHandler               
000024bf  PORT2_IRQHandler               
000024bf  PORT3_IRQHandler               
00002095  PORT4_IRQHandler               
00002095  PORT4_IRQHandler               
000024bf  PORT5_IRQHandler               
000024bf  PORT6_IRQHandler               
000024bf  PSS_IRQHandler                 
00001fb1  PWM_Duty3                      
00001fd1  PWM_Duty4                      
00001f2d  PWM_Init34                     
00000205  Pause                          
000024bf  PendSV_Handler                 
0000034d  Port1_Init                     
0000036d  Port1_Input                    
00000397  Port1_Output                   
00000377  Port2_Init                     
000003b5  Port2_Output                   
00001161  Port5_Init                     
000011c9  Port7_Init                     
000011f9  Port7_InitToInput              
000011e3  Port7_Output_ChargeCap         
00001195  Port9_Init                     
20003774  Postwait                       
2000376c  Prewait                        
000005fd  RSLK_Reset                     
000024bf  RTC_C_IRQHandler               
00001251  Reflectance_Center             
0000137d  Reflectance_End                
00001151  Reflectance_Init               
00001301  Reflectance_Number             
00001273  Reflectance_Position           
00001203  Reflectance_Read               
00001357  Reflectance_Start              
000024b3  Reset_Handler                  
20003200  RxFifo0                        
000017ab  RxFifo0_Get                    
00001751  RxFifo0_Init                   
0000175d  RxFifo0_Put                    
000017e9  RxFifo0_Size                   
UNDEFED   SHT$$INIT_ARRAY$$Base          
UNDEFED   SHT$$INIT_ARRAY$$Limit         
000024bf  SVC_Handler                    
00000219  SensorRead_ISR                 
20003334  Size                           
20003338  Size2                          
2000333c  Size3                          
20003340  Spt                            
00002461  StartCritical                  
000024bf  SysTick_Handler                
200037b4  SystemCoreClock                
00000e25  SystemCoreClockUpdate          
00001099  SystemInit                     
000024bf  T32_INT1_IRQHandler            
000024bf  T32_INT2_IRQHandler            
000024bf  T32_INTC_IRQHandler            
000024bf  TA0_0_IRQHandler               
000024bf  TA0_N_IRQHandler               
0000213b  TA1_0_IRQHandler               
0000213b  TA1_0_IRQHandler               
000024bf  TA1_N_IRQHandler               
000024bf  TA2_0_IRQHandler               
000024bf  TA2_N_IRQHandler               
00001dc7  TA3_0_IRQHandler               
00001dc7  TA3_0_IRQHandler               
00001de1  TA3_N_IRQHandler               
00001de1  TA3_N_IRQHandler               
20003360  Tachometer_FirstLeftTime       
20003362  Tachometer_FirstRightTime      
000001b9  Tachometer_Get                 
00000171  Tachometer_Init                
20003789  Tachometer_LeftDir             
20003784  Tachometer_LeftSteps           
20003788  Tachometer_RightDir            
20003780  Tachometer_RightSteps          
20003364  Tachometer_SecondLeftTime      
20003366  Tachometer_SecondRightTime     
20003344  TimerA1Task                    
000020c9  TimerA1_Init                   
00002127  TimerA1_Stop                   
00001d41  TimerA3Capture_Init            
00000269  TurnAngle                      
20003282  TxFifo0                        
000016bd  TxFifo0_Get                    
00001631  TxFifo0_Init                   
00001663  TxFifo0_Put                    
000016fb  TxFifo0_Size                   
20003000  TxHistogram                    
000024bf  UsageFault_Handler             
4000480c  WDTCTL_SYM                     
000024bf  WDT_A_IRQHandler               
00002473  WaitForInterrupt               
20010000  __STACK_END                    
00000200  __STACK_SIZE                   
00000400  __SYSMEM_SIZE                  
00002590  __TI_CINIT_Base                
000025a0  __TI_CINIT_Limit               
0000257c  __TI_Handler_Table_Base        
00002588  __TI_Handler_Table_Limit       
00002289  __TI_auto_init                 
20003794  __TI_cleanup_ptr               
000022f9  __TI_decompress_lzss           
000024a5  __TI_decompress_none           
20003798  __TI_dtors_ptr                 
2000379c  __TI_enable_exit_profile_output
ffffffff  __TI_pprof_out_hndl            
ffffffff  __TI_prof_data_size            
ffffffff  __TI_prof_data_start           
00000000  __TI_static_base__             
000024c1  __TI_zero_init                 
0000220d  __aeabi_memclr                 
0000220d  __aeabi_memclr4                
0000220d  __aeabi_memclr8                
00002171  __aeabi_memcpy                 
00002171  __aeabi_memcpy4                
00002171  __aeabi_memcpy8                
0000220f  __aeabi_memset                 
0000220f  __aeabi_memset4                
0000220f  __aeabi_memset8                
ffffffff  __binit__                      
ffffffff  __c_args__                     
00000e23  __mpu_init                     
2000fe00  __stack                        
00002479  _args_main                     
00002361  _c_int00                       
200037a0  _lock                          
0000249f  _nop                           
00002497  _register_lock                 
00002491  _register_unlock               
20003368  _sys_memory                    
00002287  _system_post_cinit             
000024cd  _system_pre_init               
200037a4  _unlock                        
000023b9  abort                          
ffffffff  binit                          
20003348  bump                           
00002409  copy_in                        
0000195d  delay                          
000023c1  exit                           
000024d0  fsm                            
00000000  interruptVectors               
2000334c  leftSteps                      
00000641  main                           
200037b0  main_func_sp                   
00002171  memcpy                         
00002215  memset                         
20003350  nc                             
20003354  nl                             
20003358  nr                             
2000378c  originalLeftSteps              
20003790  originalRightSteps             
2000335c  rightSteps                     
00001d35  ta3dummy                       
0000012b  tachometerLeftInt              
000000e5  tachometerRightInt             
20000000  x                              
20001000  x2                             
20002000  x3                             


GLOBAL SYMBOLS: SORTED BY Symbol Address 

address   name                           
-------   ----                           
00000000  __TI_static_base__             
00000000  interruptVectors               
000000e5  tachometerRightInt             
0000012b  tachometerLeftInt              
00000171  Tachometer_Init                
000001b9  Tachometer_Get                 
00000200  __STACK_SIZE                   
00000205  Pause                          
00000219  SensorRead_ISR                 
00000269  TurnAngle                      
0000034d  Port1_Init                     
0000036d  Port1_Input                    
00000377  Port2_Init                     
00000397  Port1_Output                   
000003b5  Port2_Output                   
000003dd  LED                            
00000400  __SYSMEM_SIZE                  
0000043f  COUNTBLACKLINES                
00000485  CASEFOLLOWBLACK                
00000561  CASETWO                        
000005fd  RSLK_Reset                     
00000641  main                           
00000869  EUSCIA0_Init                   
000008cf  EUSCIA0_InChar                 
000008e1  EUSCIA0_OutChar                
000008fb  EUSCIA0_IRQHandler             
000008fb  EUSCIA0_IRQHandler             
00000931  EUSCIA0_OutString              
0000094f  EUSCIA0_InUDec                 
000009d3  EUSCIA0_OutUDec                
00000b65  EUSCIA0_OutUDec4               
00000b9d  EUSCIA0_OutUDec5               
00000bd9  EUSCIA0_OutUFix1               
00000c01  EUSCIA0_OutUFix2               
00000c4d  EUSCIA0_InUHex                 
00000d15  EUSCIA0_OutUHex                
00000d59  EUSCIA0outnibble               
00000d7b  EUSCIA0_OutUHex2               
00000d99  EUSCIA0_InString               
00000e23  __mpu_init                     
00000e25  SystemCoreClockUpdate          
00001099  SystemInit                     
00001151  Reflectance_Init               
00001161  Port5_Init                     
00001195  Port9_Init                     
000011c9  Port7_Init                     
000011e3  Port7_Output_ChargeCap         
000011f9  Port7_InitToInput              
00001203  Reflectance_Read               
00001251  Reflectance_Center             
00001273  Reflectance_Position           
00001301  Reflectance_Number             
00001357  Reflectance_Start              
0000137d  Reflectance_End                
000013e9  LPF_Init                       
00001447  LPF_Calc                       
0000149b  LPF_Init2                      
000014f9  LPF_Calc2                      
0000154d  LPF_Init3                      
000015ab  LPF_Calc3                      
00001631  TxFifo0_Init                   
00001663  TxFifo0_Put                    
000016bd  TxFifo0_Get                    
000016fb  TxFifo0_Size                   
00001751  RxFifo0_Init                   
0000175d  RxFifo0_Put                    
000017ab  RxFifo0_Get                    
000017e9  RxFifo0_Size                   
00001841  Clock_Init48MHz                
00001957  Clock_GetFreq                  
0000195d  delay                          
0000196b  Clock_Delay1us                 
00001995  Clock_Delay1ms                 
00001a21  Motor_Init                     
00001aa9  Motor_Stop                     
00001acd  Motor_Forward                  
00001afd  Motor_Right                    
00001b37  Motor_Left                     
00001b71  Motor_Backward                 
00001bd1  ADC0_InitSWTriggerCh12         
00001c21  ADC_In12                       
00001c41  ADC0_InitSWTriggerCh17_12_16   
00001cb1  ADC_In17_12_16                 
00001d35  ta3dummy                       
00001d41  TimerA3Capture_Init            
00001dc7  TA3_0_IRQHandler               
00001dc7  TA3_0_IRQHandler               
00001de1  TA3_N_IRQHandler               
00001de1  TA3_N_IRQHandler               
00001e39  LaunchPad_Init                 
00001ea9  LaunchPad_Input                
00001ec3  LaunchPad_LED                  
00001ee1  LaunchPad_Output               
00001f2d  PWM_Init34                     
00001fb1  PWM_Duty3                      
00001fd1  PWM_Duty4                      
00002019  Bump_Init                      
0000204d  Bump_Read                      
00002095  PORT4_IRQHandler               
00002095  PORT4_IRQHandler               
000020c9  TimerA1_Init                   
00002127  TimerA1_Stop                   
0000213b  TA1_0_IRQHandler               
0000213b  TA1_0_IRQHandler               
00002171  __aeabi_memcpy                 
00002171  __aeabi_memcpy4                
00002171  __aeabi_memcpy8                
00002171  memcpy                         
0000220d  __aeabi_memclr                 
0000220d  __aeabi_memclr4                
0000220d  __aeabi_memclr8                
0000220f  __aeabi_memset                 
0000220f  __aeabi_memset4                
0000220f  __aeabi_memset8                
00002215  memset                         
00002287  _system_post_cinit             
00002289  __TI_auto_init                 
000022f9  __TI_decompress_lzss           
00002361  _c_int00                       
000023b5  C$$EXIT                        
000023b9  abort                          
000023c1  exit                           
00002409  copy_in                        
00002455  DisableInterrupts              
0000245b  EnableInterrupts               
00002461  StartCritical                  
0000246b  EndCritical                    
00002473  WaitForInterrupt               
00002479  _args_main                     
00002491  _register_unlock               
00002497  _register_lock                 
0000249f  _nop                           
000024a5  __TI_decompress_none           
000024b3  Reset_Handler                  
000024bf  ADC14_IRQHandler               
000024bf  AES256_IRQHandler              
000024bf  BusFault_Handler               
000024bf  COMP_E0_IRQHandler             
000024bf  COMP_E1_IRQHandler             
000024bf  CS_IRQHandler                  
000024bf  DMA_ERR_IRQHandler             
000024bf  DMA_INT0_IRQHandler            
000024bf  DMA_INT1_IRQHandler            
000024bf  DMA_INT2_IRQHandler            
000024bf  DMA_INT3_IRQHandler            
000024bf  DebugMon_Handler               
000024bf  Default_Handler                
000024bf  EUSCIA1_IRQHandler             
000024bf  EUSCIA2_IRQHandler             
000024bf  EUSCIA3_IRQHandler             
000024bf  EUSCIB0_IRQHandler             
000024bf  EUSCIB1_IRQHandler             
000024bf  EUSCIB2_IRQHandler             
000024bf  EUSCIB3_IRQHandler             
000024bf  FLCTL_IRQHandler               
000024bf  FPU_IRQHandler                 
000024bf  HardFault_Handler              
000024bf  MemManage_Handler              
000024bf  NMI_Handler                    
000024bf  PCM_IRQHandler                 
000024bf  PORT1_IRQHandler               
000024bf  PORT2_IRQHandler               
000024bf  PORT3_IRQHandler               
000024bf  PORT5_IRQHandler               
000024bf  PORT6_IRQHandler               
000024bf  PSS_IRQHandler                 
000024bf  PendSV_Handler                 
000024bf  RTC_C_IRQHandler               
000024bf  SVC_Handler                    
000024bf  SysTick_Handler                
000024bf  T32_INT1_IRQHandler            
000024bf  T32_INT2_IRQHandler            
000024bf  T32_INTC_IRQHandler            
000024bf  TA0_0_IRQHandler               
000024bf  TA0_N_IRQHandler               
000024bf  TA1_N_IRQHandler               
000024bf  TA2_0_IRQHandler               
000024bf  TA2_N_IRQHandler               
000024bf  UsageFault_Handler             
000024bf  WDT_A_IRQHandler               
000024c1  __TI_zero_init                 
000024cd  _system_pre_init               
000024d0  fsm                            
0000257c  __TI_Handler_Table_Base        
00002588  __TI_Handler_Table_Limit       
00002590  __TI_CINIT_Base                
000025a0  __TI_CINIT_Limit               
20000000  x                              
20001000  x2                             
20002000  x3                             
20003000  TxHistogram                    
20003200  RxFifo0                        
20003282  TxFifo0                        
20003304  Messagec                       
2000330c  ADCflag                        
20003310  I1                             
20003314  I2                             
20003318  I3                             
2000331c  Input                          
20003320  LPFSum                         
20003324  LPFSum2                        
20003328  LPFSum3                        
2000332c  Messageindexc                  
20003330  Output                         
20003334  Size                           
20003338  Size2                          
2000333c  Size3                          
20003340  Spt                            
20003344  TimerA1Task                    
20003348  bump                           
2000334c  leftSteps                      
20003350  nc                             
20003354  nl                             
20003358  nr                             
2000335c  rightSteps                     
20003360  Tachometer_FirstLeftTime       
20003362  Tachometer_FirstRightTime      
20003364  Tachometer_SecondLeftTime      
20003366  Tachometer_SecondRightTime     
20003368  _sys_memory                    
20003768  ClockFrequency                 
2000376c  Prewait                        
20003770  CPMwait                        
20003774  Postwait                       
20003778  IFlags                         
2000377c  Crystalstable                  
20003780  Tachometer_RightSteps          
20003784  Tachometer_LeftSteps           
20003788  Tachometer_RightDir            
20003789  Tachometer_LeftDir             
2000378c  originalLeftSteps              
20003790  originalRightSteps             
20003794  __TI_cleanup_ptr               
20003798  __TI_dtors_ptr                 
2000379c  __TI_enable_exit_profile_output
200037a0  _lock                          
200037a4  _unlock                        
200037a8  CaptureTask0                   
200037ac  CaptureTask2                   
200037b0  main_func_sp                   
200037b4  SystemCoreClock                
2000fe00  __stack                        
20010000  __STACK_END                    
4000480c  WDTCTL_SYM                     
ffffffff  __TI_pprof_out_hndl            
ffffffff  __TI_prof_data_size            
ffffffff  __TI_prof_data_start           
ffffffff  __binit__                      
ffffffff  __c_args__                     
ffffffff  binit                          
UNDEFED   SHT$$INIT_ARRAY$$Base          
UNDEFED   SHT$$INIT_ARRAY$$Limit         

[252 symbols]
