<?xml version="1.0"?>
<link_info>
   <banner>TI ARM Linker PC v16.9.6.LTS</banner>
   <copyright>Copyright (c) 1996-2017 Texas Instruments Incorporated</copyright>
   <link_time>0x69083eef</link_time>
   <link_errors>0x0</link_errors>
   <output_file>Lab4_TimerCapture_Tach.out</output_file>
   <entry_point>
      <name>_c_int00</name>
      <address>0x279d</address>
   </entry_point>
   <input_file_list>
      <input_file id="fl-2">
         <path>.\</path>
         <kind>object</kind>
         <file>Bump.obj</file>
         <name>Bump.obj</name>
      </input_file>
      <input_file id="fl-3">
         <path>.\</path>
         <kind>object</kind>
         <file>Clock.obj</file>
         <name>Clock.obj</name>
      </input_file>
      <input_file id="fl-4">
         <path>.\</path>
         <kind>object</kind>
         <file>CortexM.obj</file>
         <name>CortexM.obj</name>
      </input_file>
      <input_file id="fl-5">
         <path>.\</path>
         <kind>object</kind>
         <file>Lab4_Tachmain.obj</file>
         <name>Lab4_Tachmain.obj</name>
      </input_file>
      <input_file id="fl-6">
         <path>.\</path>
         <kind>object</kind>
         <file>LaunchPad.obj</file>
         <name>LaunchPad.obj</name>
      </input_file>
      <input_file id="fl-7">
         <path>.\</path>
         <kind>object</kind>
         <file>Motor.obj</file>
         <name>Motor.obj</name>
      </input_file>
      <input_file id="fl-8">
         <path>.\</path>
         <kind>object</kind>
         <file>PWM.obj</file>
         <name>PWM.obj</name>
      </input_file>
      <input_file id="fl-9">
         <path>.\</path>
         <kind>object</kind>
         <file>SysTick.obj</file>
         <name>SysTick.obj</name>
      </input_file>
      <input_file id="fl-a">
         <path>.\</path>
         <kind>object</kind>
         <file>TA3InputCapture.obj</file>
         <name>TA3InputCapture.obj</name>
      </input_file>
      <input_file id="fl-b">
         <path>.\</path>
         <kind>object</kind>
         <file>TExaS.obj</file>
         <name>TExaS.obj</name>
      </input_file>
      <input_file id="fl-c">
         <path>.\</path>
         <kind>object</kind>
         <file>UART0.obj</file>
         <name>UART0.obj</name>
      </input_file>
      <input_file id="fl-d">
         <path>.\</path>
         <kind>object</kind>
         <file>startup_msp432p401r_ccs.obj</file>
         <name>startup_msp432p401r_ccs.obj</name>
      </input_file>
      <input_file id="fl-e">
         <path>.\</path>
         <kind>object</kind>
         <file>system_msp432p401r.obj</file>
         <name>system_msp432p401r.obj</name>
      </input_file>
      <input_file id="fl-12">
         <kind>object</kind>
         <file>&lt;internal&gt;</file>
         <name>&lt;internal&gt;</name>
      </input_file>
      <input_file id="fl-c8">
         <path>C:\ti\ccsv7\tools\compiler\ti-cgt-arm_16.9.6.LTS\lib\</path>
         <kind>archive</kind>
         <file>rtsv7M4_T_le_v4SPD16_eabi.lib</file>
         <name>add_device.obj</name>
      </input_file>
      <input_file id="fl-c9">
         <path>C:\ti\ccsv7\tools\compiler\ti-cgt-arm_16.9.6.LTS\lib\</path>
         <kind>archive</kind>
         <file>rtsv7M4_T_le_v4SPD16_eabi.lib</file>
         <name>boot.obj</name>
      </input_file>
      <input_file id="fl-ca">
         <path>C:\ti\ccsv7\tools\compiler\ti-cgt-arm_16.9.6.LTS\lib\</path>
         <kind>archive</kind>
         <file>rtsv7M4_T_le_v4SPD16_eabi.lib</file>
         <name>copy_decompress_lzss.obj</name>
      </input_file>
      <input_file id="fl-cb">
         <path>C:\ti\ccsv7\tools\compiler\ti-cgt-arm_16.9.6.LTS\lib\</path>
         <kind>archive</kind>
         <file>rtsv7M4_T_le_v4SPD16_eabi.lib</file>
         <name>copy_decompress_none.obj</name>
      </input_file>
      <input_file id="fl-cc">
         <path>C:\ti\ccsv7\tools\compiler\ti-cgt-arm_16.9.6.LTS\lib\</path>
         <kind>archive</kind>
         <file>rtsv7M4_T_le_v4SPD16_eabi.lib</file>
         <name>copy_zero_init.obj</name>
      </input_file>
      <input_file id="fl-cd">
         <path>C:\ti\ccsv7\tools\compiler\ti-cgt-arm_16.9.6.LTS\lib\</path>
         <kind>archive</kind>
         <file>rtsv7M4_T_le_v4SPD16_eabi.lib</file>
         <name>defs.obj</name>
      </input_file>
      <input_file id="fl-ce">
         <path>C:\ti\ccsv7\tools\compiler\ti-cgt-arm_16.9.6.LTS\lib\</path>
         <kind>archive</kind>
         <file>rtsv7M4_T_le_v4SPD16_eabi.lib</file>
         <name>exit.obj</name>
      </input_file>
      <input_file id="fl-cf">
         <path>C:\ti\ccsv7\tools\compiler\ti-cgt-arm_16.9.6.LTS\lib\</path>
         <kind>archive</kind>
         <file>rtsv7M4_T_le_v4SPD16_eabi.lib</file>
         <name>fopen.obj</name>
      </input_file>
      <input_file id="fl-d0">
         <path>C:\ti\ccsv7\tools\compiler\ti-cgt-arm_16.9.6.LTS\lib\</path>
         <kind>archive</kind>
         <file>rtsv7M4_T_le_v4SPD16_eabi.lib</file>
         <name>getdevice.obj</name>
      </input_file>
      <input_file id="fl-d1">
         <path>C:\ti\ccsv7\tools\compiler\ti-cgt-arm_16.9.6.LTS\lib\</path>
         <kind>archive</kind>
         <file>rtsv7M4_T_le_v4SPD16_eabi.lib</file>
         <name>memcpy_t2.obj</name>
      </input_file>
      <input_file id="fl-d2">
         <path>C:\ti\ccsv7\tools\compiler\ti-cgt-arm_16.9.6.LTS\lib\</path>
         <kind>archive</kind>
         <file>rtsv7M4_T_le_v4SPD16_eabi.lib</file>
         <name>memset_t2.obj</name>
      </input_file>
      <input_file id="fl-d3">
         <path>C:\ti\ccsv7\tools\compiler\ti-cgt-arm_16.9.6.LTS\lib\</path>
         <kind>archive</kind>
         <file>rtsv7M4_T_le_v4SPD16_eabi.lib</file>
         <name>mpu_init.obj</name>
      </input_file>
      <input_file id="fl-d4">
         <path>C:\ti\ccsv7\tools\compiler\ti-cgt-arm_16.9.6.LTS\lib\</path>
         <kind>archive</kind>
         <file>rtsv7M4_T_le_v4SPD16_eabi.lib</file>
         <name>open.obj</name>
      </input_file>
      <input_file id="fl-d5">
         <path>C:\ti\ccsv7\tools\compiler\ti-cgt-arm_16.9.6.LTS\lib\</path>
         <kind>archive</kind>
         <file>rtsv7M4_T_le_v4SPD16_eabi.lib</file>
         <name>pre_init.obj</name>
      </input_file>
      <input_file id="fl-d6">
         <path>C:\ti\ccsv7\tools\compiler\ti-cgt-arm_16.9.6.LTS\lib\</path>
         <kind>archive</kind>
         <file>rtsv7M4_T_le_v4SPD16_eabi.lib</file>
         <name>setvbuf.obj</name>
      </input_file>
      <input_file id="fl-d7">
         <path>C:\ti\ccsv7\tools\compiler\ti-cgt-arm_16.9.6.LTS\lib\</path>
         <kind>archive</kind>
         <file>rtsv7M4_T_le_v4SPD16_eabi.lib</file>
         <name>stkdepth_vars.obj</name>
      </input_file>
      <input_file id="fl-d8">
         <path>C:\ti\ccsv7\tools\compiler\ti-cgt-arm_16.9.6.LTS\lib\</path>
         <kind>archive</kind>
         <file>rtsv7M4_T_le_v4SPD16_eabi.lib</file>
         <name>strchr.obj</name>
      </input_file>
      <input_file id="fl-d9">
         <path>C:\ti\ccsv7\tools\compiler\ti-cgt-arm_16.9.6.LTS\lib\</path>
         <kind>archive</kind>
         <file>rtsv7M4_T_le_v4SPD16_eabi.lib</file>
         <name>strcmp.obj</name>
      </input_file>
      <input_file id="fl-da">
         <path>C:\ti\ccsv7\tools\compiler\ti-cgt-arm_16.9.6.LTS\lib\</path>
         <kind>archive</kind>
         <file>rtsv7M4_T_le_v4SPD16_eabi.lib</file>
         <name>strncpy.obj</name>
      </input_file>
      <input_file id="fl-db">
         <path>C:\ti\ccsv7\tools\compiler\ti-cgt-arm_16.9.6.LTS\lib\</path>
         <kind>archive</kind>
         <file>rtsv7M4_T_le_v4SPD16_eabi.lib</file>
         <name>write.obj</name>
      </input_file>
      <input_file id="fl-dc">
         <path>C:\ti\ccsv7\tools\compiler\ti-cgt-arm_16.9.6.LTS\lib\</path>
         <kind>archive</kind>
         <file>rtsv7M4_T_le_v4SPD16_eabi.lib</file>
         <name>_lock.obj</name>
      </input_file>
      <input_file id="fl-dd">
         <path>C:\ti\ccsv7\tools\compiler\ti-cgt-arm_16.9.6.LTS\lib\</path>
         <kind>archive</kind>
         <file>rtsv7M4_T_le_v4SPD16_eabi.lib</file>
         <name>args_main.obj</name>
      </input_file>
      <input_file id="fl-de">
         <path>C:\ti\ccsv7\tools\compiler\ti-cgt-arm_16.9.6.LTS\lib\</path>
         <kind>archive</kind>
         <file>rtsv7M4_T_le_v4SPD16_eabi.lib</file>
         <name>autoinit.obj</name>
      </input_file>
      <input_file id="fl-df">
         <path>C:\ti\ccsv7\tools\compiler\ti-cgt-arm_16.9.6.LTS\lib\</path>
         <kind>archive</kind>
         <file>rtsv7M4_T_le_v4SPD16_eabi.lib</file>
         <name>cpy_tbl.obj</name>
      </input_file>
      <input_file id="fl-e0">
         <path>C:\ti\ccsv7\tools\compiler\ti-cgt-arm_16.9.6.LTS\lib\</path>
         <kind>archive</kind>
         <file>rtsv7M4_T_le_v4SPD16_eabi.lib</file>
         <name>fclose.obj</name>
      </input_file>
      <input_file id="fl-e1">
         <path>C:\ti\ccsv7\tools\compiler\ti-cgt-arm_16.9.6.LTS\lib\</path>
         <kind>archive</kind>
         <file>rtsv7M4_T_le_v4SPD16_eabi.lib</file>
         <name>fflush.obj</name>
      </input_file>
      <input_file id="fl-e2">
         <path>C:\ti\ccsv7\tools\compiler\ti-cgt-arm_16.9.6.LTS\lib\</path>
         <kind>archive</kind>
         <file>rtsv7M4_T_le_v4SPD16_eabi.lib</file>
         <name>hostclose.obj</name>
      </input_file>
      <input_file id="fl-e3">
         <path>C:\ti\ccsv7\tools\compiler\ti-cgt-arm_16.9.6.LTS\lib\</path>
         <kind>archive</kind>
         <file>rtsv7M4_T_le_v4SPD16_eabi.lib</file>
         <name>hostlseek.obj</name>
      </input_file>
      <input_file id="fl-e4">
         <path>C:\ti\ccsv7\tools\compiler\ti-cgt-arm_16.9.6.LTS\lib\</path>
         <kind>archive</kind>
         <file>rtsv7M4_T_le_v4SPD16_eabi.lib</file>
         <name>hostopen.obj</name>
      </input_file>
      <input_file id="fl-e5">
         <path>C:\ti\ccsv7\tools\compiler\ti-cgt-arm_16.9.6.LTS\lib\</path>
         <kind>archive</kind>
         <file>rtsv7M4_T_le_v4SPD16_eabi.lib</file>
         <name>hostread.obj</name>
      </input_file>
      <input_file id="fl-e6">
         <path>C:\ti\ccsv7\tools\compiler\ti-cgt-arm_16.9.6.LTS\lib\</path>
         <kind>archive</kind>
         <file>rtsv7M4_T_le_v4SPD16_eabi.lib</file>
         <name>hostrename.obj</name>
      </input_file>
      <input_file id="fl-e7">
         <path>C:\ti\ccsv7\tools\compiler\ti-cgt-arm_16.9.6.LTS\lib\</path>
         <kind>archive</kind>
         <file>rtsv7M4_T_le_v4SPD16_eabi.lib</file>
         <name>hostunlink.obj</name>
      </input_file>
      <input_file id="fl-e8">
         <path>C:\ti\ccsv7\tools\compiler\ti-cgt-arm_16.9.6.LTS\lib\</path>
         <kind>archive</kind>
         <file>rtsv7M4_T_le_v4SPD16_eabi.lib</file>
         <name>hostwrite.obj</name>
      </input_file>
      <input_file id="fl-e9">
         <path>C:\ti\ccsv7\tools\compiler\ti-cgt-arm_16.9.6.LTS\lib\</path>
         <kind>archive</kind>
         <file>rtsv7M4_T_le_v4SPD16_eabi.lib</file>
         <name>memory.obj</name>
      </input_file>
      <input_file id="fl-ea">
         <path>C:\ti\ccsv7\tools\compiler\ti-cgt-arm_16.9.6.LTS\lib\</path>
         <kind>archive</kind>
         <file>rtsv7M4_T_le_v4SPD16_eabi.lib</file>
         <name>remove.obj</name>
      </input_file>
      <input_file id="fl-eb">
         <path>C:\ti\ccsv7\tools\compiler\ti-cgt-arm_16.9.6.LTS\lib\</path>
         <kind>archive</kind>
         <file>rtsv7M4_T_le_v4SPD16_eabi.lib</file>
         <name>startup.obj</name>
      </input_file>
      <input_file id="fl-ec">
         <path>C:\ti\ccsv7\tools\compiler\ti-cgt-arm_16.9.6.LTS\lib\</path>
         <kind>archive</kind>
         <file>rtsv7M4_T_le_v4SPD16_eabi.lib</file>
         <name>strcpy.obj</name>
      </input_file>
      <input_file id="fl-ed">
         <path>C:\ti\ccsv7\tools\compiler\ti-cgt-arm_16.9.6.LTS\lib\</path>
         <kind>archive</kind>
         <file>rtsv7M4_T_le_v4SPD16_eabi.lib</file>
         <name>strlen.obj</name>
      </input_file>
      <input_file id="fl-ee">
         <path>C:\ti\ccsv7\tools\compiler\ti-cgt-arm_16.9.6.LTS\lib\</path>
         <kind>archive</kind>
         <file>rtsv7M4_T_le_v4SPD16_eabi.lib</file>
         <name>trgmsg.obj</name>
      </input_file>
      <input_file id="fl-ef">
         <path>C:\ti\ccsv7\tools\compiler\ti-cgt-arm_16.9.6.LTS\lib\</path>
         <kind>archive</kind>
         <file>rtsv7M4_T_le_v4SPD16_eabi.lib</file>
         <name>unlink.obj</name>
      </input_file>
      <input_file id="fl-f0">
         <path>C:\ti\ccsv7\tools\compiler\ti-cgt-arm_16.9.6.LTS\lib\</path>
         <kind>archive</kind>
         <file>rtsv7M4_T_le_v4SPD16_eabi.lib</file>
         <name>close.obj</name>
      </input_file>
   </input_file_list>
   <object_component_list>
      <object_component id="oc-2c">
         <name>.intvecs:retain</name>
         <load_address>0x0</load_address>
         <run_address>0x0</run_address>
         <size>0xe4</size>
         <input_file_ref idref="fl-d"/>
      </object_component>
      <object_component id="oc-126">
         <name>.text</name>
         <load_address>0xe4</load_address>
         <run_address>0xe4</run_address>
         <size>0x6bc</size>
         <input_file_ref idref="fl-c"/>
      </object_component>
      <object_component id="oc-84">
         <name>.text</name>
         <load_address>0x7a0</load_address>
         <run_address>0x7a0</run_address>
         <size>0x630</size>
         <input_file_ref idref="fl-b"/>
      </object_component>
      <object_component id="oc-1cf">
         <name>.text</name>
         <load_address>0xdd0</load_address>
         <run_address>0xdd0</run_address>
         <size>0x3d0</size>
         <input_file_ref idref="fl-e9"/>
      </object_component>
      <object_component id="oc-d0">
         <name>.text</name>
         <load_address>0x11a0</load_address>
         <run_address>0x11a0</run_address>
         <size>0x32c</size>
         <input_file_ref idref="fl-e"/>
      </object_component>
      <object_component id="oc-10e">
         <name>.text</name>
         <load_address>0x14cc</load_address>
         <run_address>0x14cc</run_address>
         <size>0x1e0</size>
         <input_file_ref idref="fl-3"/>
      </object_component>
      <object_component id="oc-182">
         <name>.text</name>
         <load_address>0x16ac</load_address>
         <run_address>0x16ac</run_address>
         <size>0x1c4</size>
         <input_file_ref idref="fl-cf"/>
      </object_component>
      <object_component id="oc-114">
         <name>.text</name>
         <load_address>0x1870</load_address>
         <run_address>0x1870</run_address>
         <size>0x1b0</size>
         <input_file_ref idref="fl-7"/>
      </object_component>
      <object_component id="oc-bd">
         <name>.text</name>
         <load_address>0x1a20</load_address>
         <run_address>0x1a20</run_address>
         <size>0x134</size>
         <input_file_ref idref="fl-5"/>
      </object_component>
      <object_component id="oc-7e">
         <name>.text</name>
         <load_address>0x1b54</load_address>
         <run_address>0x1b54</run_address>
         <size>0x104</size>
         <input_file_ref idref="fl-a"/>
      </object_component>
      <object_component id="oc-11a">
         <name>.text</name>
         <load_address>0x1c58</load_address>
         <run_address>0x1c58</run_address>
         <size>0xf4</size>
         <input_file_ref idref="fl-6"/>
      </object_component>
      <object_component id="oc-16f">
         <name>.text</name>
         <load_address>0x1d4c</load_address>
         <run_address>0x1d4c</run_address>
         <size>0xec</size>
         <input_file_ref idref="fl-8"/>
      </object_component>
      <object_component id="oc-188">
         <name>.text</name>
         <load_address>0x1e38</load_address>
         <run_address>0x1e38</run_address>
         <size>0xdc</size>
         <input_file_ref idref="fl-d6"/>
      </object_component>
      <object_component id="oc-231">
         <name>.text</name>
         <load_address>0x1f14</load_address>
         <run_address>0x1f14</run_address>
         <size>0xc8</size>
         <input_file_ref idref="fl-e1"/>
      </object_component>
      <object_component id="oc-1bd">
         <name>.text</name>
         <load_address>0x1fdc</load_address>
         <run_address>0x1fdc</run_address>
         <size>0xbc</size>
         <input_file_ref idref="fl-d4"/>
      </object_component>
      <object_component id="oc-17c">
         <name>.text</name>
         <load_address>0x2098</load_address>
         <run_address>0x2098</run_address>
         <size>0xb8</size>
         <input_file_ref idref="fl-c8"/>
      </object_component>
      <object_component id="oc-8a">
         <name>.text</name>
         <load_address>0x2150</load_address>
         <run_address>0x2150</run_address>
         <size>0xb0</size>
         <input_file_ref idref="fl-2"/>
      </object_component>
      <object_component id="oc-3e">
         <name>.text</name>
         <load_address>0x2200</load_address>
         <run_address>0x2200</run_address>
         <size>0x9c</size>
         <input_file_ref idref="fl-d1"/>
      </object_component>
      <object_component id="oc-1c3">
         <name>.text</name>
         <load_address>0x229c</load_address>
         <run_address>0x229c</run_address>
         <size>0x98</size>
         <input_file_ref idref="fl-e0"/>
      </object_component>
      <object_component id="oc-4a">
         <name>.text</name>
         <load_address>0x2334</load_address>
         <run_address>0x2334</run_address>
         <size>0x7a</size>
         <input_file_ref idref="fl-d2"/>
      </object_component>
      <object_component id="oc-56">
         <name>.text</name>
         <load_address>0x23ae</load_address>
         <run_address>0x23ae</run_address>
         <size>0x2</size>
         <input_file_ref idref="fl-d3"/>
      </object_component>
      <object_component id="oc-62">
         <name>.text</name>
         <load_address>0x23b0</load_address>
         <run_address>0x23b0</run_address>
         <size>0x70</size>
         <input_file_ref idref="fl-de"/>
      </object_component>
      <object_component id="oc-1ab">
         <name>.text</name>
         <load_address>0x2420</load_address>
         <run_address>0x2420</run_address>
         <size>0x70</size>
         <input_file_ref idref="fl-d0"/>
      </object_component>
      <object_component id="oc-14">
         <name>.text:decompress:lzss</name>
         <load_address>0x2490</load_address>
         <run_address>0x2490</run_address>
         <size>0x68</size>
         <input_file_ref idref="fl-ca"/>
      </object_component>
      <object_component id="oc-20a">
         <name>.text</name>
         <load_address>0x24f8</load_address>
         <run_address>0x24f8</run_address>
         <size>0x68</size>
         <input_file_ref idref="fl-e3"/>
      </object_component>
      <object_component id="oc-216">
         <name>.text</name>
         <load_address>0x2560</load_address>
         <run_address>0x2560</run_address>
         <size>0x68</size>
         <input_file_ref idref="fl-e6"/>
      </object_component>
      <object_component id="oc-265">
         <name>.text</name>
         <load_address>0x25c8</load_address>
         <run_address>0x25c8</run_address>
         <size>0x68</size>
         <input_file_ref idref="fl-ee"/>
      </object_component>
      <object_component id="oc-1f2">
         <name>.text</name>
         <load_address>0x2630</load_address>
         <run_address>0x2630</run_address>
         <size>0x60</size>
         <input_file_ref idref="fl-e4"/>
      </object_component>
      <object_component id="oc-237">
         <name>.text</name>
         <load_address>0x2690</load_address>
         <run_address>0x2690</run_address>
         <size>0x5c</size>
         <input_file_ref idref="fl-f0"/>
      </object_component>
      <object_component id="oc-1fe">
         <name>.text</name>
         <load_address>0x26ec</load_address>
         <run_address>0x26ec</run_address>
         <size>0x58</size>
         <input_file_ref idref="fl-e5"/>
      </object_component>
      <object_component id="oc-204">
         <name>.text</name>
         <load_address>0x2744</load_address>
         <run_address>0x2744</run_address>
         <size>0x58</size>
         <input_file_ref idref="fl-e8"/>
      </object_component>
      <object_component id="oc-26">
         <name>.text</name>
         <load_address>0x279c</load_address>
         <run_address>0x279c</run_address>
         <size>0x54</size>
         <input_file_ref idref="fl-c9"/>
      </object_component>
      <object_component id="oc-6e">
         <name>.text</name>
         <load_address>0x27f0</load_address>
         <run_address>0x27f0</run_address>
         <size>0x54</size>
         <input_file_ref idref="fl-ce"/>
      </object_component>
      <object_component id="oc-af">
         <name>.text</name>
         <load_address>0x2844</load_address>
         <run_address>0x2844</run_address>
         <size>0x4c</size>
         <input_file_ref idref="fl-df"/>
      </object_component>
      <object_component id="oc-1f8">
         <name>.text</name>
         <load_address>0x2890</load_address>
         <run_address>0x2890</run_address>
         <size>0x44</size>
         <input_file_ref idref="fl-e2"/>
      </object_component>
      <object_component id="oc-210">
         <name>.text</name>
         <load_address>0x28d4</load_address>
         <run_address>0x28d4</run_address>
         <size>0x44</size>
         <input_file_ref idref="fl-e7"/>
      </object_component>
      <object_component id="oc-1b1">
         <name>.text</name>
         <load_address>0x2918</load_address>
         <run_address>0x2918</run_address>
         <size>0x36</size>
         <input_file_ref idref="fl-da"/>
      </object_component>
      <object_component id="oc-b5">
         <name>.text</name>
         <load_address>0x294e</load_address>
         <run_address>0x294e</run_address>
         <size>0x2</size>
         <input_file_ref idref="fl-eb"/>
      </object_component>
      <object_component id="oc-23d">
         <name>.text</name>
         <load_address>0x2950</load_address>
         <run_address>0x2950</run_address>
         <size>0x2c</size>
         <input_file_ref idref="fl-ef"/>
      </object_component>
      <object_component id="oc-28c">
         <name>.text</name>
         <load_address>0x297c</load_address>
         <run_address>0x297c</run_address>
         <size>0x28</size>
         <input_file_ref idref="fl-db"/>
      </object_component>
      <object_component id="oc-120">
         <name>.text</name>
         <load_address>0x29a4</load_address>
         <run_address>0x29a4</run_address>
         <size>0x24</size>
         <input_file_ref idref="fl-4"/>
      </object_component>
      <object_component id="oc-68">
         <name>.text</name>
         <load_address>0x29c8</load_address>
         <run_address>0x29c8</run_address>
         <size>0x18</size>
         <input_file_ref idref="fl-dd"/>
      </object_component>
      <object_component id="oc-1e2">
         <name>.text</name>
         <load_address>0x29e0</load_address>
         <run_address>0x29e0</run_address>
         <size>0x18</size>
         <input_file_ref idref="fl-d9"/>
      </object_component>
      <object_component id="oc-1e8">
         <name>.text</name>
         <load_address>0x29f8</load_address>
         <run_address>0x29f8</run_address>
         <size>0x16</size>
         <input_file_ref idref="fl-d8"/>
      </object_component>
      <object_component id="oc-13d">
         <name>.text</name>
         <load_address>0x2a10</load_address>
         <run_address>0x2a10</run_address>
         <size>0x14</size>
         <input_file_ref idref="fl-dc"/>
      </object_component>
      <object_component id="oc-279">
         <name>.text</name>
         <load_address>0x2a24</load_address>
         <run_address>0x2a24</run_address>
         <size>0x14</size>
         <input_file_ref idref="fl-ec"/>
      </object_component>
      <object_component id="oc-25f">
         <name>.text</name>
         <load_address>0x2a38</load_address>
         <run_address>0x2a38</run_address>
         <size>0x14</size>
         <input_file_ref idref="fl-ed"/>
      </object_component>
      <object_component id="oc-1a">
         <name>.text:decompress:none</name>
         <load_address>0x2a4c</load_address>
         <run_address>0x2a4c</run_address>
         <size>0xe</size>
         <input_file_ref idref="fl-cb"/>
      </object_component>
      <object_component id="oc-78">
         <name>.text</name>
         <load_address>0x2a5a</load_address>
         <run_address>0x2a5a</run_address>
         <size>0xe</size>
         <input_file_ref idref="fl-d"/>
      </object_component>
      <object_component id="oc-20">
         <name>.text:decompress:ZI</name>
         <load_address>0x2a68</load_address>
         <run_address>0x2a68</run_address>
         <size>0xc</size>
         <input_file_ref idref="fl-cc"/>
      </object_component>
      <object_component id="oc-5c">
         <name>.text</name>
         <load_address>0x2a74</load_address>
         <run_address>0x2a74</run_address>
         <size>0x4</size>
         <input_file_ref idref="fl-d5"/>
      </object_component>
      <object_component id="oc-2ed">
         <name>.cinit..data.load</name>
         <load_address>0x2a78</load_address>
         <run_address>0x2a78</run_address>
         <size>0x7f</size>
      </object_component>
      <object_component id="oc-2eb">
         <name>__TI_handler_table</name>
         <load_address>0x2af8</load_address>
         <run_address>0x2af8</run_address>
         <size>0xc</size>
      </object_component>
      <object_component id="oc-2ee">
         <name>.cinit..bss.load</name>
         <load_address>0x2b08</load_address>
         <run_address>0x2b08</run_address>
         <size>0x8</size>
      </object_component>
      <object_component id="oc-2ec">
         <name>__TI_cinit_table</name>
         <load_address>0x2b10</load_address>
         <run_address>0x2b10</run_address>
         <size>0x10</size>
      </object_component>
      <object_component id="oc-2c8">
         <name>.binit</name>
         <load_address>0x0</load_address>
         <run_address>0x0</run_address>
         <size>0x0</size>
      </object_component>
      <object_component id="oc-16b">
         <name>.data</name>
         <load_address>0x200005b8</load_address>
         <run_address>0x200005b8</run_address>
         <size>0x18</size>
         <input_file_ref idref="fl-3"/>
      </object_component>
      <object_component id="oc-12f">
         <name>.data</name>
         <load_address>0x200005d0</load_address>
         <run_address>0x200005d0</run_address>
         <size>0x14</size>
         <input_file_ref idref="fl-5"/>
      </object_component>
      <object_component id="oc-d7">
         <name>.data</name>
         <load_address>0x20000620</load_address>
         <run_address>0x20000620</run_address>
         <size>0x8</size>
         <input_file_ref idref="fl-a"/>
      </object_component>
      <object_component id="oc-e4">
         <name>.data</name>
         <load_address>0x2000060c</load_address>
         <run_address>0x2000060c</run_address>
         <size>0xc</size>
         <input_file_ref idref="fl-b"/>
      </object_component>
      <object_component id="oc-149">
         <name>.data</name>
         <load_address>0x20000638</load_address>
         <run_address>0x20000638</run_address>
         <size>0x4</size>
         <input_file_ref idref="fl-e"/>
      </object_component>
      <object_component id="oc-1b7">
         <name>.data</name>
         <load_address>0x20000628</load_address>
         <run_address>0x20000628</run_address>
         <size>0x4</size>
         <input_file_ref idref="fl-c8"/>
      </object_component>
      <object_component id="oc-18e">
         <name>.data:_ftable</name>
         <load_address>0x20000400</load_address>
         <run_address>0x20000400</run_address>
         <size>0xf0</size>
         <input_file_ref idref="fl-cd"/>
      </object_component>
      <object_component id="oc-1c9">
         <name>.data</name>
         <load_address>0x200005e4</load_address>
         <run_address>0x200005e4</run_address>
         <size>0x10</size>
         <input_file_ref idref="fl-cd"/>
      </object_component>
      <object_component id="oc-c5">
         <name>.data:$O1$$</name>
         <load_address>0x200005f4</load_address>
         <run_address>0x200005f4</run_address>
         <size>0xc</size>
         <input_file_ref idref="fl-ce"/>
      </object_component>
      <object_component id="oc-1cc">
         <name>.data</name>
         <load_address>0x2000062c</load_address>
         <run_address>0x2000062c</run_address>
         <size>0x4</size>
         <input_file_ref idref="fl-cf"/>
      </object_component>
      <object_component id="oc-22b">
         <name>.data</name>
         <load_address>0x20000630</load_address>
         <run_address>0x20000630</run_address>
         <size>0x4</size>
         <input_file_ref idref="fl-d4"/>
      </object_component>
      <object_component id="oc-74">
         <name>.data</name>
         <load_address>0x20000634</load_address>
         <run_address>0x20000634</run_address>
         <size>0x4</size>
         <input_file_ref idref="fl-d7"/>
      </object_component>
      <object_component id="oc-1b8">
         <name>.data:_device</name>
         <load_address>0x200004f0</load_address>
         <run_address>0x200004f0</run_address>
         <size>0x78</size>
         <input_file_ref idref="fl-db"/>
      </object_component>
      <object_component id="oc-22c">
         <name>.data:_stream</name>
         <load_address>0x20000568</load_address>
         <run_address>0x20000568</run_address>
         <size>0x50</size>
         <input_file_ref idref="fl-db"/>
      </object_component>
      <object_component id="oc-c8">
         <name>.data:$O1$$</name>
         <load_address>0x20000618</load_address>
         <run_address>0x20000618</run_address>
         <size>0x8</size>
         <input_file_ref idref="fl-dc"/>
      </object_component>
      <object_component id="oc-24f">
         <name>.data:$O1$$</name>
         <load_address>0x20000600</load_address>
         <run_address>0x20000600</run_address>
         <size>0xc</size>
         <input_file_ref idref="fl-e9"/>
      </object_component>
      <object_component id="oc-2a2">
         <name>.bss:_CIOBUF_</name>
         <uninitialized>true</uninitialized>
         <run_address>0x2000063c</run_address>
         <size>0x120</size>
         <input_file_ref idref="fl-ee"/>
      </object_component>
      <object_component id="oc-12c">
         <name>.common:Period0</name>
         <uninitialized>true</uninitialized>
         <run_address>0x20000814</run_address>
         <size>0x2</size>
      </object_component>
      <object_component id="oc-132">
         <name>.common:Period2</name>
         <uninitialized>true</uninitialized>
         <run_address>0x20000816</run_address>
         <size>0x2</size>
      </object_component>
      <object_component id="oc-e1">
         <name>.common:LogicData</name>
         <uninitialized>true</uninitialized>
         <run_address>0x20000818</run_address>
         <size>0x1</size>
      </object_component>
      <object_component id="oc-e7">
         <name>.common:PeriodicTask2</name>
         <uninitialized>true</uninitialized>
         <run_address>0x20000810</run_address>
         <size>0x4</size>
      </object_component>
      <object_component id="oc-17b">
         <name>.common:Messageindexb</name>
         <uninitialized>true</uninitialized>
         <run_address>0x2000080c</run_address>
         <size>0x4</size>
      </object_component>
      <object_component id="oc-178">
         <name>.common:Messageb</name>
         <uninitialized>true</uninitialized>
         <run_address>0x200007fc</run_address>
         <size>0x8</size>
      </object_component>
      <object_component id="oc-243">
         <name>.common:__TI_tmpnams</name>
         <uninitialized>true</uninitialized>
         <run_address>0x2000075c</run_address>
         <size>0xa0</size>
      </object_component>
      <object_component id="oc-26b">
         <name>.common:parmbuf</name>
         <uninitialized>true</uninitialized>
         <run_address>0x20000804</run_address>
         <size>0x8</size>
      </object_component>
      <object_component id="oc-30">
         <name>.sysmem</name>
         <uninitialized>true</uninitialized>
         <run_address>0x20000000</run_address>
         <size>0x8</size>
         <input_file_ref idref="fl-e9"/>
      </object_component>
      <object_component id="oc-2f0">
         <name>.sysmem</name>
         <uninitialized>true</uninitialized>
         <run_address>0x20000000</run_address>
         <size>0x0</size>
      </object_component>
      <object_component id="oc-2f">
         <name>.stack</name>
         <uninitialized>true</uninitialized>
         <run_address>0x2000fe00</run_address>
         <size>0x0</size>
         <input_file_ref idref="fl-c9"/>
      </object_component>
      <object_component id="oc-2ef">
         <name>.stack</name>
         <uninitialized>true</uninitialized>
         <run_address>0x2000fe00</run_address>
         <size>0x0</size>
      </object_component>
      <object_component id="oc-1a0">
         <name>.debug_info</name>
         <load_address>0x0</load_address>
         <run_address>0x0</run_address>
         <size>0x541</size>
         <input_file_ref idref="fl-2"/>
      </object_component>
      <object_component id="oc-8b">
         <name>.debug_info</name>
         <load_address>0x541</load_address>
         <run_address>0x541</run_address>
         <size>0x312</size>
         <input_file_ref idref="fl-2"/>
      </object_component>
      <object_component id="oc-151">
         <name>.debug_info</name>
         <load_address>0x853</load_address>
         <run_address>0x853</run_address>
         <size>0x37e2</size>
         <input_file_ref idref="fl-2"/>
      </object_component>
      <object_component id="oc-156">
         <name>.debug_info</name>
         <load_address>0x4035</load_address>
         <run_address>0x4035</run_address>
         <size>0x1055</size>
         <input_file_ref idref="fl-2"/>
      </object_component>
      <object_component id="oc-39">
         <name>.debug_info</name>
         <load_address>0x508a</load_address>
         <run_address>0x508a</run_address>
         <size>0x84</size>
         <input_file_ref idref="fl-2"/>
      </object_component>
      <object_component id="oc-db">
         <name>.debug_info</name>
         <load_address>0x510e</load_address>
         <run_address>0x510e</run_address>
         <size>0x18b</size>
         <input_file_ref idref="fl-2"/>
      </object_component>
      <object_component id="oc-16c">
         <name>.debug_info</name>
         <load_address>0x5299</load_address>
         <run_address>0x5299</run_address>
         <size>0x1b0</size>
         <input_file_ref idref="fl-3"/>
      </object_component>
      <object_component id="oc-10f">
         <name>.debug_info</name>
         <load_address>0x5449</load_address>
         <run_address>0x5449</run_address>
         <size>0x428</size>
         <input_file_ref idref="fl-3"/>
      </object_component>
      <object_component id="oc-124">
         <name>.debug_info</name>
         <load_address>0x5871</load_address>
         <run_address>0x5871</run_address>
         <size>0x3e9</size>
         <input_file_ref idref="fl-4"/>
      </object_component>
      <object_component id="oc-12d">
         <name>.debug_info</name>
         <load_address>0x5c5a</load_address>
         <run_address>0x5c5a</run_address>
         <size>0x7ba</size>
         <input_file_ref idref="fl-5"/>
      </object_component>
      <object_component id="oc-130">
         <name>.debug_info</name>
         <load_address>0x6414</load_address>
         <run_address>0x6414</run_address>
         <size>0x157</size>
         <input_file_ref idref="fl-5"/>
      </object_component>
      <object_component id="oc-bf">
         <name>.debug_info</name>
         <load_address>0x656b</load_address>
         <run_address>0x656b</run_address>
         <size>0x425</size>
         <input_file_ref idref="fl-5"/>
      </object_component>
      <object_component id="oc-e9">
         <name>.debug_info</name>
         <load_address>0x6990</load_address>
         <run_address>0x6990</run_address>
         <size>0xb4</size>
         <input_file_ref idref="fl-5"/>
      </object_component>
      <object_component id="oc-11b">
         <name>.debug_info</name>
         <load_address>0x6a44</load_address>
         <run_address>0x6a44</run_address>
         <size>0x3aa</size>
         <input_file_ref idref="fl-6"/>
      </object_component>
      <object_component id="oc-115">
         <name>.debug_info</name>
         <load_address>0x6dee</load_address>
         <run_address>0x6dee</run_address>
         <size>0x69b</size>
         <input_file_ref idref="fl-7"/>
      </object_component>
      <object_component id="oc-171">
         <name>.debug_info</name>
         <load_address>0x7489</load_address>
         <run_address>0x7489</run_address>
         <size>0x340</size>
         <input_file_ref idref="fl-8"/>
      </object_component>
      <object_component id="oc-e0">
         <name>.debug_info</name>
         <load_address>0x77c9</load_address>
         <run_address>0x77c9</run_address>
         <size>0x55e</size>
         <input_file_ref idref="fl-a"/>
      </object_component>
      <object_component id="oc-d8">
         <name>.debug_info</name>
         <load_address>0x7d27</load_address>
         <run_address>0x7d27</run_address>
         <size>0x138</size>
         <input_file_ref idref="fl-a"/>
      </object_component>
      <object_component id="oc-7f">
         <name>.debug_info</name>
         <load_address>0x7e5f</load_address>
         <run_address>0x7e5f</run_address>
         <size>0x40b</size>
         <input_file_ref idref="fl-a"/>
      </object_component>
      <object_component id="oc-e2">
         <name>.debug_info</name>
         <load_address>0x826a</load_address>
         <run_address>0x826a</run_address>
         <size>0x59d</size>
         <input_file_ref idref="fl-b"/>
      </object_component>
      <object_component id="oc-e5">
         <name>.debug_info</name>
         <load_address>0x8807</load_address>
         <run_address>0x8807</run_address>
         <size>0x193</size>
         <input_file_ref idref="fl-b"/>
      </object_component>
      <object_component id="oc-85">
         <name>.debug_info</name>
         <load_address>0x899a</load_address>
         <run_address>0x899a</run_address>
         <size>0x1e50</size>
         <input_file_ref idref="fl-b"/>
      </object_component>
      <object_component id="oc-179">
         <name>.debug_info</name>
         <load_address>0xa7ea</load_address>
         <run_address>0xa7ea</run_address>
         <size>0x786</size>
         <input_file_ref idref="fl-c"/>
      </object_component>
      <object_component id="oc-127">
         <name>.debug_info</name>
         <load_address>0xaf70</load_address>
         <run_address>0xaf70</run_address>
         <size>0x1a7c</size>
         <input_file_ref idref="fl-c"/>
      </object_component>
      <object_component id="oc-1a6">
         <name>.debug_info</name>
         <load_address>0xc9ec</load_address>
         <run_address>0xc9ec</run_address>
         <size>0xc8</size>
         <input_file_ref idref="fl-c"/>
      </object_component>
      <object_component id="oc-192">
         <name>.debug_info</name>
         <load_address>0xcab4</load_address>
         <run_address>0xcab4</run_address>
         <size>0x2c</size>
         <input_file_ref idref="fl-c"/>
      </object_component>
      <object_component id="oc-92">
         <name>.debug_info</name>
         <load_address>0xcae0</load_address>
         <run_address>0xcae0</run_address>
         <size>0x2bf</size>
         <input_file_ref idref="fl-d"/>
      </object_component>
      <object_component id="oc-2d">
         <name>.debug_info</name>
         <load_address>0xcd9f</load_address>
         <run_address>0xcd9f</run_address>
         <size>0xfd</size>
         <input_file_ref idref="fl-d"/>
      </object_component>
      <object_component id="oc-7c">
         <name>.debug_info</name>
         <load_address>0xce9c</load_address>
         <run_address>0xce9c</run_address>
         <size>0x1c4</size>
         <input_file_ref idref="fl-d"/>
      </object_component>
      <object_component id="oc-14a">
         <name>.debug_info</name>
         <load_address>0xd060</load_address>
         <run_address>0xd060</run_address>
         <size>0xf6</size>
         <input_file_ref idref="fl-e"/>
      </object_component>
      <object_component id="oc-d1">
         <name>.debug_info</name>
         <load_address>0xd156</load_address>
         <run_address>0xd156</run_address>
         <size>0x268</size>
         <input_file_ref idref="fl-e"/>
      </object_component>
      <object_component id="oc-1bc">
         <name>.debug_info</name>
         <load_address>0xd3be</load_address>
         <run_address>0xd3be</run_address>
         <size>0x430</size>
         <input_file_ref idref="fl-c8"/>
      </object_component>
      <object_component id="oc-17d">
         <name>.debug_info</name>
         <load_address>0xd7ee</load_address>
         <run_address>0xd7ee</run_address>
         <size>0x2d0</size>
         <input_file_ref idref="fl-c8"/>
      </object_component>
      <object_component id="oc-226">
         <name>.debug_info</name>
         <load_address>0xdabe</load_address>
         <run_address>0xdabe</run_address>
         <size>0xea</size>
         <input_file_ref idref="fl-c8"/>
      </object_component>
      <object_component id="oc-221">
         <name>.debug_info</name>
         <load_address>0xdba8</load_address>
         <run_address>0xdba8</run_address>
         <size>0x2c</size>
         <input_file_ref idref="fl-c8"/>
      </object_component>
      <object_component id="oc-29">
         <name>.debug_info</name>
         <load_address>0xdbd4</load_address>
         <run_address>0xdbd4</run_address>
         <size>0x160</size>
         <input_file_ref idref="fl-c9"/>
      </object_component>
      <object_component id="oc-9c">
         <name>.debug_info</name>
         <load_address>0xdd34</load_address>
         <run_address>0xdd34</run_address>
         <size>0x293</size>
         <input_file_ref idref="fl-ca"/>
      </object_component>
      <object_component id="oc-17">
         <name>.debug_info</name>
         <load_address>0xdfc7</load_address>
         <run_address>0xdfc7</run_address>
         <size>0x245</size>
         <input_file_ref idref="fl-ca"/>
      </object_component>
      <object_component id="oc-34">
         <name>.debug_info</name>
         <load_address>0xe20c</load_address>
         <run_address>0xe20c</run_address>
         <size>0x60</size>
         <input_file_ref idref="fl-ca"/>
      </object_component>
      <object_component id="oc-97">
         <name>.debug_info</name>
         <load_address>0xe26c</load_address>
         <run_address>0xe26c</run_address>
         <size>0x46</size>
         <input_file_ref idref="fl-ca"/>
      </object_component>
      <object_component id="oc-49">
         <name>.debug_info</name>
         <load_address>0xe2b2</load_address>
         <run_address>0xe2b2</run_address>
         <size>0x2da</size>
         <input_file_ref idref="fl-cb"/>
      </object_component>
      <object_component id="oc-1b">
         <name>.debug_info</name>
         <load_address>0xe58c</load_address>
         <run_address>0xe58c</run_address>
         <size>0x1df</size>
         <input_file_ref idref="fl-cb"/>
      </object_component>
      <object_component id="oc-44">
         <name>.debug_info</name>
         <load_address>0xe76b</load_address>
         <run_address>0xe76b</run_address>
         <size>0x46</size>
         <input_file_ref idref="fl-cb"/>
      </object_component>
      <object_component id="oc-9e">
         <name>.debug_info</name>
         <load_address>0xe7b1</load_address>
         <run_address>0xe7b1</run_address>
         <size>0x2c</size>
         <input_file_ref idref="fl-cb"/>
      </object_component>
      <object_component id="oc-55">
         <name>.debug_info</name>
         <load_address>0xe7dd</load_address>
         <run_address>0xe7dd</run_address>
         <size>0x2c9</size>
         <input_file_ref idref="fl-cc"/>
      </object_component>
      <object_component id="oc-24">
         <name>.debug_info</name>
         <load_address>0xeaa6</load_address>
         <run_address>0xeaa6</run_address>
         <size>0x1aa</size>
         <input_file_ref idref="fl-cc"/>
      </object_component>
      <object_component id="oc-50">
         <name>.debug_info</name>
         <load_address>0xec50</load_address>
         <run_address>0xec50</run_address>
         <size>0x46</size>
         <input_file_ref idref="fl-cc"/>
      </object_component>
      <object_component id="oc-a6">
         <name>.debug_info</name>
         <load_address>0xec96</load_address>
         <run_address>0xec96</run_address>
         <size>0x2c</size>
         <input_file_ref idref="fl-cc"/>
      </object_component>
      <object_component id="oc-1de">
         <name>.debug_info</name>
         <load_address>0xecc2</load_address>
         <run_address>0xecc2</run_address>
         <size>0x139</size>
         <input_file_ref idref="fl-cd"/>
      </object_component>
      <object_component id="oc-18f">
         <name>.debug_info</name>
         <load_address>0xedfb</load_address>
         <run_address>0xedfb</run_address>
         <size>0xf7</size>
         <input_file_ref idref="fl-cd"/>
      </object_component>
      <object_component id="oc-1ca">
         <name>.debug_info</name>
         <load_address>0xeef2</load_address>
         <run_address>0xeef2</run_address>
         <size>0x184</size>
         <input_file_ref idref="fl-cd"/>
      </object_component>
      <object_component id="oc-24a">
         <name>.debug_info</name>
         <load_address>0xf076</load_address>
         <run_address>0xf076</run_address>
         <size>0xae</size>
         <input_file_ref idref="fl-cd"/>
      </object_component>
      <object_component id="oc-cc">
         <name>.debug_info</name>
         <load_address>0xf124</load_address>
         <run_address>0xf124</run_address>
         <size>0x3ce</size>
         <input_file_ref idref="fl-ce"/>
      </object_component>
      <object_component id="oc-c6">
         <name>.debug_info</name>
         <load_address>0xf4f2</load_address>
         <run_address>0xf4f2</run_address>
         <size>0x185</size>
         <input_file_ref idref="fl-ce"/>
      </object_component>
      <object_component id="oc-6f">
         <name>.debug_info</name>
         <load_address>0xf677</load_address>
         <run_address>0xf677</run_address>
         <size>0x214</size>
         <input_file_ref idref="fl-ce"/>
      </object_component>
      <object_component id="oc-1ce">
         <name>.debug_info</name>
         <load_address>0xf88b</load_address>
         <run_address>0xf88b</run_address>
         <size>0x3d6</size>
         <input_file_ref idref="fl-cf"/>
      </object_component>
      <object_component id="oc-184">
         <name>.debug_info</name>
         <load_address>0xfc61</load_address>
         <run_address>0xfc61</run_address>
         <size>0x455</size>
         <input_file_ref idref="fl-cf"/>
      </object_component>
      <object_component id="oc-f3">
         <name>.debug_info</name>
         <load_address>0x100b6</load_address>
         <run_address>0x100b6</run_address>
         <size>0x2c</size>
         <input_file_ref idref="fl-cf"/>
      </object_component>
      <object_component id="oc-1ef">
         <name>.debug_info</name>
         <load_address>0x100e2</load_address>
         <run_address>0x100e2</run_address>
         <size>0x417</size>
         <input_file_ref idref="fl-d0"/>
      </object_component>
      <object_component id="oc-1ae">
         <name>.debug_info</name>
         <load_address>0x104f9</load_address>
         <run_address>0x104f9</run_address>
         <size>0x282</size>
         <input_file_ref idref="fl-d0"/>
      </object_component>
      <object_component id="oc-41">
         <name>.debug_info</name>
         <load_address>0x1077b</load_address>
         <run_address>0x1077b</run_address>
         <size>0x111</size>
         <input_file_ref idref="fl-d1"/>
      </object_component>
      <object_component id="oc-4d">
         <name>.debug_info</name>
         <load_address>0x1088c</load_address>
         <run_address>0x1088c</run_address>
         <size>0x13f</size>
         <input_file_ref idref="fl-d2"/>
      </object_component>
      <object_component id="oc-57">
         <name>.debug_info</name>
         <load_address>0x109cb</load_address>
         <run_address>0x109cb</run_address>
         <size>0x138</size>
         <input_file_ref idref="fl-d3"/>
      </object_component>
      <object_component id="oc-230">
         <name>.debug_info</name>
         <load_address>0x10b03</load_address>
         <run_address>0x10b03</run_address>
         <size>0x3f7</size>
         <input_file_ref idref="fl-d4"/>
      </object_component>
      <object_component id="oc-1bf">
         <name>.debug_info</name>
         <load_address>0x10efa</load_address>
         <run_address>0x10efa</run_address>
         <size>0x23a</size>
         <input_file_ref idref="fl-d4"/>
      </object_component>
      <object_component id="oc-283">
         <name>.debug_info</name>
         <load_address>0x11134</load_address>
         <run_address>0x11134</run_address>
         <size>0x120</size>
         <input_file_ref idref="fl-d4"/>
      </object_component>
      <object_component id="oc-5d">
         <name>.debug_info</name>
         <load_address>0x11254</load_address>
         <run_address>0x11254</run_address>
         <size>0x148</size>
         <input_file_ref idref="fl-d5"/>
      </object_component>
      <object_component id="oc-1d6">
         <name>.debug_info</name>
         <load_address>0x1139c</load_address>
         <run_address>0x1139c</run_address>
         <size>0x35a</size>
         <input_file_ref idref="fl-d6"/>
      </object_component>
      <object_component id="oc-18c">
         <name>.debug_info</name>
         <load_address>0x116f6</load_address>
         <run_address>0x116f6</run_address>
         <size>0x200</size>
         <input_file_ref idref="fl-d6"/>
      </object_component>
      <object_component id="oc-1d7">
         <name>.debug_info</name>
         <load_address>0x118f6</load_address>
         <run_address>0x118f6</run_address>
         <size>0xbb</size>
         <input_file_ref idref="fl-d6"/>
      </object_component>
      <object_component id="oc-75">
         <name>.debug_info</name>
         <load_address>0x119b1</load_address>
         <run_address>0x119b1</run_address>
         <size>0x109</size>
         <input_file_ref idref="fl-d7"/>
      </object_component>
      <object_component id="oc-25a">
         <name>.debug_info</name>
         <load_address>0x11aba</load_address>
         <run_address>0x11aba</run_address>
         <size>0x28f</size>
         <input_file_ref idref="fl-d8"/>
      </object_component>
      <object_component id="oc-1eb">
         <name>.debug_info</name>
         <load_address>0x11d49</load_address>
         <run_address>0x11d49</run_address>
         <size>0x244</size>
         <input_file_ref idref="fl-d8"/>
      </object_component>
      <object_component id="oc-258">
         <name>.debug_info</name>
         <load_address>0x11f8d</load_address>
         <run_address>0x11f8d</run_address>
         <size>0x27f</size>
         <input_file_ref idref="fl-d9"/>
      </object_component>
      <object_component id="oc-1e5">
         <name>.debug_info</name>
         <load_address>0x1220c</load_address>
         <run_address>0x1220c</run_address>
         <size>0x258</size>
         <input_file_ref idref="fl-d9"/>
      </object_component>
      <object_component id="oc-1f1">
         <name>.debug_info</name>
         <load_address>0x12464</load_address>
         <run_address>0x12464</run_address>
         <size>0x290</size>
         <input_file_ref idref="fl-da"/>
      </object_component>
      <object_component id="oc-1b3">
         <name>.debug_info</name>
         <load_address>0x126f4</load_address>
         <run_address>0x126f4</run_address>
         <size>0x259</size>
         <input_file_ref idref="fl-da"/>
      </object_component>
      <object_component id="oc-21e">
         <name>.debug_info</name>
         <load_address>0x1294d</load_address>
         <run_address>0x1294d</run_address>
         <size>0x4c5</size>
         <input_file_ref idref="fl-db"/>
      </object_component>
      <object_component id="oc-1b9">
         <name>.debug_info</name>
         <load_address>0x12e12</load_address>
         <run_address>0x12e12</run_address>
         <size>0xf8</size>
         <input_file_ref idref="fl-db"/>
      </object_component>
      <object_component id="oc-22d">
         <name>.debug_info</name>
         <load_address>0x12f0a</load_address>
         <run_address>0x12f0a</run_address>
         <size>0xf8</size>
         <input_file_ref idref="fl-db"/>
      </object_component>
      <object_component id="oc-28f">
         <name>.debug_info</name>
         <load_address>0x13002</load_address>
         <run_address>0x13002</run_address>
         <size>0x184</size>
         <input_file_ref idref="fl-db"/>
      </object_component>
      <object_component id="oc-145">
         <name>.debug_info</name>
         <load_address>0x13186</load_address>
         <run_address>0x13186</run_address>
         <size>0x2be</size>
         <input_file_ref idref="fl-dc"/>
      </object_component>
      <object_component id="oc-c9">
         <name>.debug_info</name>
         <load_address>0x13444</load_address>
         <run_address>0x13444</run_address>
         <size>0x113</size>
         <input_file_ref idref="fl-dc"/>
      </object_component>
      <object_component id="oc-13f">
         <name>.debug_info</name>
         <load_address>0x13557</load_address>
         <run_address>0x13557</run_address>
         <size>0x21f</size>
         <input_file_ref idref="fl-dc"/>
      </object_component>
      <object_component id="oc-c4">
         <name>.debug_info</name>
         <load_address>0x13776</load_address>
         <run_address>0x13776</run_address>
         <size>0x300</size>
         <input_file_ref idref="fl-dd"/>
      </object_component>
      <object_component id="oc-69">
         <name>.debug_info</name>
         <load_address>0x13a76</load_address>
         <run_address>0x13a76</run_address>
         <size>0x167</size>
         <input_file_ref idref="fl-dd"/>
      </object_component>
      <object_component id="oc-136">
         <name>.debug_info</name>
         <load_address>0x13bdd</load_address>
         <run_address>0x13bdd</run_address>
         <size>0x5e</size>
         <input_file_ref idref="fl-dd"/>
      </object_component>
      <object_component id="oc-bc">
         <name>.debug_info</name>
         <load_address>0x13c3b</load_address>
         <run_address>0x13c3b</run_address>
         <size>0x483</size>
         <input_file_ref idref="fl-de"/>
      </object_component>
      <object_component id="oc-64">
         <name>.debug_info</name>
         <load_address>0x140be</load_address>
         <run_address>0x140be</run_address>
         <size>0x190</size>
         <input_file_ref idref="fl-de"/>
      </object_component>
      <object_component id="oc-104">
         <name>.debug_info</name>
         <load_address>0x1424e</load_address>
         <run_address>0x1424e</run_address>
         <size>0x39</size>
         <input_file_ref idref="fl-de"/>
      </object_component>
      <object_component id="oc-166">
         <name>.debug_info</name>
         <load_address>0x14287</load_address>
         <run_address>0x14287</run_address>
         <size>0x39</size>
         <input_file_ref idref="fl-de"/>
      </object_component>
      <object_component id="oc-109">
         <name>.debug_info</name>
         <load_address>0x142c0</load_address>
         <run_address>0x142c0</run_address>
         <size>0xcd</size>
         <input_file_ref idref="fl-de"/>
      </object_component>
      <object_component id="oc-100">
         <name>.debug_info</name>
         <load_address>0x1438d</load_address>
         <run_address>0x1438d</run_address>
         <size>0x37a</size>
         <input_file_ref idref="fl-df"/>
      </object_component>
      <object_component id="oc-b1">
         <name>.debug_info</name>
         <load_address>0x14707</load_address>
         <run_address>0x14707</run_address>
         <size>0x183</size>
         <input_file_ref idref="fl-df"/>
      </object_component>
      <object_component id="oc-161">
         <name>.debug_info</name>
         <load_address>0x1488a</load_address>
         <run_address>0x1488a</run_address>
         <size>0x2c</size>
         <input_file_ref idref="fl-df"/>
      </object_component>
      <object_component id="oc-245">
         <name>.debug_info</name>
         <load_address>0x148b6</load_address>
         <run_address>0x148b6</run_address>
         <size>0x39a</size>
         <input_file_ref idref="fl-e0"/>
      </object_component>
      <object_component id="oc-1c4">
         <name>.debug_info</name>
         <load_address>0x14c50</load_address>
         <run_address>0x14c50</run_address>
         <size>0x298</size>
         <input_file_ref idref="fl-e0"/>
      </object_component>
      <object_component id="oc-293">
         <name>.debug_info</name>
         <load_address>0x14ee8</load_address>
         <run_address>0x14ee8</run_address>
         <size>0x33c</size>
         <input_file_ref idref="fl-e1"/>
      </object_component>
      <object_component id="oc-232">
         <name>.debug_info</name>
         <load_address>0x15224</load_address>
         <run_address>0x15224</run_address>
         <size>0x25a</size>
         <input_file_ref idref="fl-e1"/>
      </object_component>
      <object_component id="oc-270">
         <name>.debug_info</name>
         <load_address>0x1547e</load_address>
         <run_address>0x1547e</run_address>
         <size>0x368</size>
         <input_file_ref idref="fl-e2"/>
      </object_component>
      <object_component id="oc-1fa">
         <name>.debug_info</name>
         <load_address>0x157e6</load_address>
         <run_address>0x157e6</run_address>
         <size>0x1b1</size>
         <input_file_ref idref="fl-e2"/>
      </object_component>
      <object_component id="oc-276">
         <name>.debug_info</name>
         <load_address>0x15997</load_address>
         <run_address>0x15997</run_address>
         <size>0x36d</size>
         <input_file_ref idref="fl-e3"/>
      </object_component>
      <object_component id="oc-20b">
         <name>.debug_info</name>
         <load_address>0x15d04</load_address>
         <run_address>0x15d04</run_address>
         <size>0x205</size>
         <input_file_ref idref="fl-e3"/>
      </object_component>
      <object_component id="oc-26c">
         <name>.debug_info</name>
         <load_address>0x15f09</load_address>
         <run_address>0x15f09</run_address>
         <size>0x3cb</size>
         <input_file_ref idref="fl-e4"/>
      </object_component>
      <object_component id="oc-1f3">
         <name>.debug_info</name>
         <load_address>0x162d4</load_address>
         <run_address>0x162d4</run_address>
         <size>0x201</size>
         <input_file_ref idref="fl-e4"/>
      </object_component>
      <object_component id="oc-272">
         <name>.debug_info</name>
         <load_address>0x164d5</load_address>
         <run_address>0x164d5</run_address>
         <size>0x36c</size>
         <input_file_ref idref="fl-e5"/>
      </object_component>
      <object_component id="oc-1ff">
         <name>.debug_info</name>
         <load_address>0x16841</load_address>
         <run_address>0x16841</run_address>
         <size>0x1f0</size>
         <input_file_ref idref="fl-e5"/>
      </object_component>
      <object_component id="oc-280">
         <name>.debug_info</name>
         <load_address>0x16a31</load_address>
         <run_address>0x16a31</run_address>
         <size>0x3f3</size>
         <input_file_ref idref="fl-e6"/>
      </object_component>
      <object_component id="oc-217">
         <name>.debug_info</name>
         <load_address>0x16e24</load_address>
         <run_address>0x16e24</run_address>
         <size>0x22b</size>
         <input_file_ref idref="fl-e6"/>
      </object_component>
      <object_component id="oc-278">
         <name>.debug_info</name>
         <load_address>0x1704f</load_address>
         <run_address>0x1704f</run_address>
         <size>0x3be</size>
         <input_file_ref idref="fl-e7"/>
      </object_component>
      <object_component id="oc-211">
         <name>.debug_info</name>
         <load_address>0x1740d</load_address>
         <run_address>0x1740d</run_address>
         <size>0x1bb</size>
         <input_file_ref idref="fl-e7"/>
      </object_component>
      <object_component id="oc-274">
         <name>.debug_info</name>
         <load_address>0x175c8</load_address>
         <run_address>0x175c8</run_address>
         <size>0x36d</size>
         <input_file_ref idref="fl-e8"/>
      </object_component>
      <object_component id="oc-207">
         <name>.debug_info</name>
         <load_address>0x17935</load_address>
         <run_address>0x17935</run_address>
         <size>0x1f5</size>
         <input_file_ref idref="fl-e8"/>
      </object_component>
      <object_component id="oc-95">
         <name>.debug_info</name>
         <load_address>0x17b2a</load_address>
         <run_address>0x17b2a</run_address>
         <size>0x3bc</size>
         <input_file_ref idref="fl-e9"/>
      </object_component>
      <object_component id="oc-31">
         <name>.debug_info</name>
         <load_address>0x17ee6</load_address>
         <run_address>0x17ee6</run_address>
         <size>0x101</size>
         <input_file_ref idref="fl-e9"/>
      </object_component>
      <object_component id="oc-250">
         <name>.debug_info</name>
         <load_address>0x17fe7</load_address>
         <run_address>0x17fe7</run_address>
         <size>0x14c</size>
         <input_file_ref idref="fl-e9"/>
      </object_component>
      <object_component id="oc-1d2">
         <name>.debug_info</name>
         <load_address>0x18133</load_address>
         <run_address>0x18133</run_address>
         <size>0x885</size>
         <input_file_ref idref="fl-e9"/>
      </object_component>
      <object_component id="oc-f8">
         <name>.debug_info</name>
         <load_address>0x189b8</load_address>
         <run_address>0x189b8</run_address>
         <size>0x62</size>
         <input_file_ref idref="fl-e9"/>
      </object_component>
      <object_component id="oc-b7">
         <name>.debug_info</name>
         <load_address>0x18a1a</load_address>
         <run_address>0x18a1a</run_address>
         <size>0x145</size>
         <input_file_ref idref="fl-eb"/>
      </object_component>
      <object_component id="oc-2b4">
         <name>.debug_info</name>
         <load_address>0x18b5f</load_address>
         <run_address>0x18b5f</run_address>
         <size>0x28a</size>
         <input_file_ref idref="fl-ec"/>
      </object_component>
      <object_component id="oc-27b">
         <name>.debug_info</name>
         <load_address>0x18de9</load_address>
         <run_address>0x18de9</run_address>
         <size>0x231</size>
         <input_file_ref idref="fl-ec"/>
      </object_component>
      <object_component id="oc-2a1">
         <name>.debug_info</name>
         <load_address>0x1901a</load_address>
         <run_address>0x1901a</run_address>
         <size>0x284</size>
         <input_file_ref idref="fl-ed"/>
      </object_component>
      <object_component id="oc-260">
         <name>.debug_info</name>
         <load_address>0x1929e</load_address>
         <run_address>0x1929e</run_address>
         <size>0x22a</size>
         <input_file_ref idref="fl-ed"/>
      </object_component>
      <object_component id="oc-2a6">
         <name>.debug_info</name>
         <load_address>0x194c8</load_address>
         <run_address>0x194c8</run_address>
         <size>0x2b0</size>
         <input_file_ref idref="fl-ee"/>
      </object_component>
      <object_component id="oc-2a3">
         <name>.debug_info</name>
         <load_address>0x19778</load_address>
         <run_address>0x19778</run_address>
         <size>0xfd</size>
         <input_file_ref idref="fl-ee"/>
      </object_component>
      <object_component id="oc-267">
         <name>.debug_info</name>
         <load_address>0x19875</load_address>
         <run_address>0x19875</run_address>
         <size>0x281</size>
         <input_file_ref idref="fl-ee"/>
      </object_component>
      <object_component id="oc-297">
         <name>.debug_info</name>
         <load_address>0x19af6</load_address>
         <run_address>0x19af6</run_address>
         <size>0x3c6</size>
         <input_file_ref idref="fl-ef"/>
      </object_component>
      <object_component id="oc-23f">
         <name>.debug_info</name>
         <load_address>0x19ebc</load_address>
         <run_address>0x19ebc</run_address>
         <size>0x19a</size>
         <input_file_ref idref="fl-ef"/>
      </object_component>
      <object_component id="oc-295">
         <name>.debug_info</name>
         <load_address>0x1a056</load_address>
         <run_address>0x1a056</run_address>
         <size>0x3c4</size>
         <input_file_ref idref="fl-f0"/>
      </object_component>
      <object_component id="oc-23a">
         <name>.debug_info</name>
         <load_address>0x1a41a</load_address>
         <run_address>0x1a41a</run_address>
         <size>0x18a</size>
         <input_file_ref idref="fl-f0"/>
      </object_component>
      <object_component id="oc-2f1">
         <name>.debug_info</name>
         <load_address>0x1a5a4</load_address>
         <run_address>0x1a5a4</run_address>
         <size>0xac</size>
      </object_component>
      <object_component id="oc-1e1">
         <name>.debug_line</name>
         <load_address>0x0</load_address>
         <run_address>0x0</run_address>
         <size>0x20</size>
         <input_file_ref idref="fl-2"/>
      </object_component>
      <object_component id="oc-8e">
         <name>.debug_line</name>
         <load_address>0x20</load_address>
         <run_address>0x20</run_address>
         <size>0xab</size>
         <input_file_ref idref="fl-2"/>
      </object_component>
      <object_component id="oc-154">
         <name>.debug_line</name>
         <load_address>0xcb</load_address>
         <run_address>0xcb</run_address>
         <size>0x52</size>
         <input_file_ref idref="fl-2"/>
      </object_component>
      <object_component id="oc-159">
         <name>.debug_line</name>
         <load_address>0x11d</load_address>
         <run_address>0x11d</run_address>
         <size>0x55</size>
         <input_file_ref idref="fl-2"/>
      </object_component>
      <object_component id="oc-3c">
         <name>.debug_line</name>
         <load_address>0x172</load_address>
         <run_address>0x172</run_address>
         <size>0x20</size>
         <input_file_ref idref="fl-2"/>
      </object_component>
      <object_component id="oc-de">
         <name>.debug_line</name>
         <load_address>0x192</load_address>
         <run_address>0x192</run_address>
         <size>0x65</size>
         <input_file_ref idref="fl-2"/>
      </object_component>
      <object_component id="oc-1a2">
         <name>.debug_line</name>
         <load_address>0x1f7</load_address>
         <run_address>0x1f7</run_address>
         <size>0x50</size>
         <input_file_ref idref="fl-3"/>
      </object_component>
      <object_component id="oc-113">
         <name>.debug_line</name>
         <load_address>0x247</load_address>
         <run_address>0x247</run_address>
         <size>0x11d</size>
         <input_file_ref idref="fl-3"/>
      </object_component>
      <object_component id="oc-123">
         <name>.debug_line</name>
         <load_address>0x364</load_address>
         <run_address>0x364</run_address>
         <size>0xd4</size>
         <input_file_ref idref="fl-4"/>
      </object_component>
      <object_component id="oc-198">
         <name>.debug_line</name>
         <load_address>0x438</load_address>
         <run_address>0x438</run_address>
         <size>0xc4</size>
         <input_file_ref idref="fl-5"/>
      </object_component>
      <object_component id="oc-19a">
         <name>.debug_line</name>
         <load_address>0x4fc</load_address>
         <run_address>0x4fc</run_address>
         <size>0x36</size>
         <input_file_ref idref="fl-5"/>
      </object_component>
      <object_component id="oc-c2">
         <name>.debug_line</name>
         <load_address>0x532</load_address>
         <run_address>0x532</run_address>
         <size>0xca</size>
         <input_file_ref idref="fl-5"/>
      </object_component>
      <object_component id="oc-ec">
         <name>.debug_line</name>
         <load_address>0x5fc</load_address>
         <run_address>0x5fc</run_address>
         <size>0x35</size>
         <input_file_ref idref="fl-5"/>
      </object_component>
      <object_component id="oc-11e">
         <name>.debug_line</name>
         <load_address>0x631</load_address>
         <run_address>0x631</run_address>
         <size>0xc6</size>
         <input_file_ref idref="fl-6"/>
      </object_component>
      <object_component id="oc-118">
         <name>.debug_line</name>
         <load_address>0x6f7</load_address>
         <run_address>0x6f7</run_address>
         <size>0x10c</size>
         <input_file_ref idref="fl-7"/>
      </object_component>
      <object_component id="oc-170">
         <name>.debug_line</name>
         <load_address>0x803</load_address>
         <run_address>0x803</run_address>
         <size>0xbd</size>
         <input_file_ref idref="fl-8"/>
      </object_component>
      <object_component id="oc-150">
         <name>.debug_line</name>
         <load_address>0x8c0</load_address>
         <run_address>0x8c0</run_address>
         <size>0x20</size>
         <input_file_ref idref="fl-a"/>
      </object_component>
      <object_component id="oc-14e">
         <name>.debug_line</name>
         <load_address>0x8e0</load_address>
         <run_address>0x8e0</run_address>
         <size>0x5a</size>
         <input_file_ref idref="fl-a"/>
      </object_component>
      <object_component id="oc-82">
         <name>.debug_line</name>
         <load_address>0x93a</load_address>
         <run_address>0x93a</run_address>
         <size>0xcd</size>
         <input_file_ref idref="fl-a"/>
      </object_component>
      <object_component id="oc-15c">
         <name>.debug_line</name>
         <load_address>0xa07</load_address>
         <run_address>0xa07</run_address>
         <size>0x50</size>
         <input_file_ref idref="fl-b"/>
      </object_component>
      <object_component id="oc-15e">
         <name>.debug_line</name>
         <load_address>0xa57</load_address>
         <run_address>0xa57</run_address>
         <size>0x50</size>
         <input_file_ref idref="fl-b"/>
      </object_component>
      <object_component id="oc-89">
         <name>.debug_line</name>
         <load_address>0xaa7</load_address>
         <run_address>0xaa7</run_address>
         <size>0x5f8</size>
         <input_file_ref idref="fl-b"/>
      </object_component>
      <object_component id="oc-1a5">
         <name>.debug_line</name>
         <load_address>0x109f</load_address>
         <run_address>0x109f</run_address>
         <size>0xd7</size>
         <input_file_ref idref="fl-c"/>
      </object_component>
      <object_component id="oc-12b">
         <name>.debug_line</name>
         <load_address>0x1176</load_address>
         <run_address>0x1176</run_address>
         <size>0x4cf</size>
         <input_file_ref idref="fl-c"/>
      </object_component>
      <object_component id="oc-1a9">
         <name>.debug_line</name>
         <load_address>0x1645</load_address>
         <run_address>0x1645</run_address>
         <size>0x64</size>
         <input_file_ref idref="fl-c"/>
      </object_component>
      <object_component id="oc-195">
         <name>.debug_line</name>
         <load_address>0x16a9</load_address>
         <run_address>0x16a9</run_address>
         <size>0x63</size>
         <input_file_ref idref="fl-c"/>
      </object_component>
      <object_component id="oc-f0">
         <name>.debug_line</name>
         <load_address>0x170c</load_address>
         <run_address>0x170c</run_address>
         <size>0x40</size>
         <input_file_ref idref="fl-d"/>
      </object_component>
      <object_component id="oc-91">
         <name>.debug_line</name>
         <load_address>0x174c</load_address>
         <run_address>0x174c</run_address>
         <size>0x40</size>
         <input_file_ref idref="fl-d"/>
      </object_component>
      <object_component id="oc-79">
         <name>.debug_line</name>
         <load_address>0x178c</load_address>
         <run_address>0x178c</run_address>
         <size>0x71</size>
         <input_file_ref idref="fl-d"/>
      </object_component>
      <object_component id="oc-19f">
         <name>.debug_line</name>
         <load_address>0x17fd</load_address>
         <run_address>0x17fd</run_address>
         <size>0x3b</size>
         <input_file_ref idref="fl-e"/>
      </object_component>
      <object_component id="oc-d4">
         <name>.debug_line</name>
         <load_address>0x1838</load_address>
         <run_address>0x1838</run_address>
         <size>0x146</size>
         <input_file_ref idref="fl-e"/>
      </object_component>
      <object_component id="oc-220">
         <name>.debug_line</name>
         <load_address>0x197e</load_address>
         <run_address>0x197e</run_address>
         <size>0xff</size>
         <input_file_ref idref="fl-c8"/>
      </object_component>
      <object_component id="oc-180">
         <name>.debug_line</name>
         <load_address>0x1a7d</load_address>
         <run_address>0x1a7d</run_address>
         <size>0xa0</size>
         <input_file_ref idref="fl-c8"/>
      </object_component>
      <object_component id="oc-229">
         <name>.debug_line</name>
         <load_address>0x1b1d</load_address>
         <run_address>0x1b1d</run_address>
         <size>0x2c</size>
         <input_file_ref idref="fl-c8"/>
      </object_component>
      <object_component id="oc-224">
         <name>.debug_line</name>
         <load_address>0x1b49</load_address>
         <run_address>0x1b49</run_address>
         <size>0x89</size>
         <input_file_ref idref="fl-c8"/>
      </object_component>
      <object_component id="oc-27">
         <name>.debug_line</name>
         <load_address>0x1bd2</load_address>
         <run_address>0x1bd2</run_address>
         <size>0x53</size>
         <input_file_ref idref="fl-c9"/>
      </object_component>
      <object_component id="oc-fe">
         <name>.debug_line</name>
         <load_address>0x1c25</load_address>
         <run_address>0x1c25</run_address>
         <size>0x20</size>
         <input_file_ref idref="fl-ca"/>
      </object_component>
      <object_component id="oc-15">
         <name>.debug_line</name>
         <load_address>0x1c45</load_address>
         <run_address>0x1c45</run_address>
         <size>0xa9</size>
         <input_file_ref idref="fl-ca"/>
      </object_component>
      <object_component id="oc-37">
         <name>.debug_line</name>
         <load_address>0x1cee</load_address>
         <run_address>0x1cee</run_address>
         <size>0x3a</size>
         <input_file_ref idref="fl-ca"/>
      </object_component>
      <object_component id="oc-9a">
         <name>.debug_line</name>
         <load_address>0x1d28</load_address>
         <run_address>0x1d28</run_address>
         <size>0x8a</size>
         <input_file_ref idref="fl-ca"/>
      </object_component>
      <object_component id="oc-a4">
         <name>.debug_line</name>
         <load_address>0x1db2</load_address>
         <run_address>0x1db2</run_address>
         <size>0x8a</size>
         <input_file_ref idref="fl-cb"/>
      </object_component>
      <object_component id="oc-1f">
         <name>.debug_line</name>
         <load_address>0x1e3c</load_address>
         <run_address>0x1e3c</run_address>
         <size>0x55</size>
         <input_file_ref idref="fl-cb"/>
      </object_component>
      <object_component id="oc-47">
         <name>.debug_line</name>
         <load_address>0x1e91</load_address>
         <run_address>0x1e91</run_address>
         <size>0x3a</size>
         <input_file_ref idref="fl-cb"/>
      </object_component>
      <object_component id="oc-a1">
         <name>.debug_line</name>
         <load_address>0x1ecb</load_address>
         <run_address>0x1ecb</run_address>
         <size>0x8a</size>
         <input_file_ref idref="fl-cb"/>
      </object_component>
      <object_component id="oc-ac">
         <name>.debug_line</name>
         <load_address>0x1f55</load_address>
         <run_address>0x1f55</run_address>
         <size>0x8a</size>
         <input_file_ref idref="fl-cc"/>
      </object_component>
      <object_component id="oc-23">
         <name>.debug_line</name>
         <load_address>0x1fdf</load_address>
         <run_address>0x1fdf</run_address>
         <size>0x4f</size>
         <input_file_ref idref="fl-cc"/>
      </object_component>
      <object_component id="oc-53">
         <name>.debug_line</name>
         <load_address>0x202e</load_address>
         <run_address>0x202e</run_address>
         <size>0x34</size>
         <input_file_ref idref="fl-cc"/>
      </object_component>
      <object_component id="oc-a9">
         <name>.debug_line</name>
         <load_address>0x2062</load_address>
         <run_address>0x2062</run_address>
         <size>0x8a</size>
         <input_file_ref idref="fl-cc"/>
      </object_component>
      <object_component id="oc-256">
         <name>.debug_line</name>
         <load_address>0x20ec</load_address>
         <run_address>0x20ec</run_address>
         <size>0x2a</size>
         <input_file_ref idref="fl-cd"/>
      </object_component>
      <object_component id="oc-1dd">
         <name>.debug_line</name>
         <load_address>0x2116</load_address>
         <run_address>0x2116</run_address>
         <size>0x2a</size>
         <input_file_ref idref="fl-cd"/>
      </object_component>
      <object_component id="oc-247">
         <name>.debug_line</name>
         <load_address>0x2140</load_address>
         <run_address>0x2140</run_address>
         <size>0x2a</size>
         <input_file_ref idref="fl-cd"/>
      </object_component>
      <object_component id="oc-24d">
         <name>.debug_line</name>
         <load_address>0x216a</load_address>
         <run_address>0x216a</run_address>
         <size>0x89</size>
         <input_file_ref idref="fl-cd"/>
      </object_component>
      <object_component id="oc-148">
         <name>.debug_line</name>
[...]
      </symbol>
      <symbol id="sm-2e7">
         <name>UART0_InUDec</name>
         <value>0x175</value>
         <object_component_ref idref="oc-126"/>
      </symbol>
      <symbol id="sm-2e8">
         <name>UART0_InUHex</name>
         <value>0x469</value>
         <object_component_ref idref="oc-126"/>
      </symbol>
      <symbol id="sm-2fd">
         <name>Reset_Handler</name>
         <value>0x2a5b</value>
         <object_component_ref idref="oc-78"/>
      </symbol>
      <symbol id="sm-2fe">
         <name>Default_Handler</name>
         <value>0x2a67</value>
         <object_component_ref idref="oc-78"/>
      </symbol>
      <symbol id="sm-2ff">
         <name>interruptVectors</name>
         <value>0x0</value>
         <object_component_ref idref="oc-2c"/>
      </symbol>
      <symbol id="sm-345">
         <name>SystemInit</name>
         <value>0x1415</value>
         <object_component_ref idref="oc-d0"/>
      </symbol>
      <symbol id="sm-346">
         <name>SystemCoreClockUpdate</name>
         <value>0x11a1</value>
         <object_component_ref idref="oc-d0"/>
      </symbol>
      <symbol id="sm-347">
         <name>SystemCoreClock</name>
         <value>0x20000638</value>
         <object_component_ref idref="oc-149"/>
      </symbol>
      <symbol id="sm-36c">
         <name>add_device</name>
         <value>0x2099</value>
         <object_component_ref idref="oc-17c"/>
      </symbol>
      <symbol id="sm-37d">
         <name>_c_int00</name>
         <value>0x279d</value>
         <object_component_ref idref="oc-26"/>
      </symbol>
      <symbol id="sm-37e">
         <name>__stack</name>
         <value>0x2000fe00</value>
         <object_component_ref idref="oc-2f"/>
      </symbol>
      <symbol id="sm-39c">
         <name>__TI_decompress_lzss</name>
         <value>0x2491</value>
         <object_component_ref idref="oc-14"/>
      </symbol>
      <symbol id="sm-3b3">
         <name>__TI_decompress_none</name>
         <value>0x2a4d</value>
         <object_component_ref idref="oc-1a"/>
      </symbol>
      <symbol id="sm-3ca">
         <name>__TI_zero_init</name>
         <value>0x2a69</value>
         <object_component_ref idref="oc-20"/>
      </symbol>
      <symbol id="sm-3e4">
         <name>__TI_tmpnams</name>
         <value>0x2000075c</value>
      </symbol>
      <symbol id="sm-3e5">
         <name>__aeabi_stdout</name>
         <value>0x200005ec</value>
         <object_component_ref idref="oc-1c9"/>
      </symbol>
      <symbol id="sm-3e6">
         <name>__aeabi_stderr</name>
         <value>0x200005f0</value>
         <object_component_ref idref="oc-1c9"/>
      </symbol>
      <symbol id="sm-3e7">
         <name>__aeabi_stdin</name>
         <value>0x200005e8</value>
         <object_component_ref idref="oc-1c9"/>
      </symbol>
      <symbol id="sm-3e8">
         <name>_ftable</name>
         <value>0x20000400</value>
         <object_component_ref idref="oc-18e"/>
      </symbol>
      <symbol id="sm-3e9">
         <name>__TI_ft_end</name>
         <value>0x200005e4</value>
         <object_component_ref idref="oc-1c9"/>
      </symbol>
      <symbol id="sm-40a">
         <name>C$$EXIT</name>
         <value>0x27f1</value>
         <object_component_ref idref="oc-6e"/>
      </symbol>
      <symbol id="sm-40b">
         <name>abort</name>
         <value>0x27f5</value>
         <object_component_ref idref="oc-6e"/>
      </symbol>
      <symbol id="sm-40c">
         <name>exit</name>
         <value>0x27fd</value>
         <object_component_ref idref="oc-6e"/>
      </symbol>
      <symbol id="sm-40d">
         <name>__TI_dtors_ptr</name>
         <value>0x200005f8</value>
         <object_component_ref idref="oc-c5"/>
      </symbol>
      <symbol id="sm-40e">
         <name>__TI_cleanup_ptr</name>
         <value>0x200005f4</value>
         <object_component_ref idref="oc-c5"/>
      </symbol>
      <symbol id="sm-40f">
         <name>__TI_enable_exit_profile_output</name>
         <value>0x200005fc</value>
         <object_component_ref idref="oc-c5"/>
      </symbol>
      <symbol id="sm-446">
         <name>__TI_cleanup</name>
         <value>0x1775</value>
         <object_component_ref idref="oc-182"/>
      </symbol>
      <symbol id="sm-447">
         <name>freopen</name>
         <value>0x17a1</value>
         <object_component_ref idref="oc-182"/>
      </symbol>
      <symbol id="sm-448">
         <name>fopen</name>
         <value>0x17cb</value>
         <object_component_ref idref="oc-182"/>
      </symbol>
      <symbol id="sm-45d">
         <name>finddevice</name>
         <value>0x2421</value>
         <object_component_ref idref="oc-1ab"/>
      </symbol>
      <symbol id="sm-45e">
         <name>getdevice</name>
         <value>0x244b</value>
         <object_component_ref idref="oc-1ab"/>
      </symbol>
      <symbol id="sm-479">
         <name>memcpy</name>
         <value>0x2201</value>
         <object_component_ref idref="oc-3e"/>
      </symbol>
      <symbol id="sm-47a">
         <name>__aeabi_memcpy</name>
         <value>0x2201</value>
         <object_component_ref idref="oc-3e"/>
      </symbol>
      <symbol id="sm-47b">
         <name>__aeabi_memcpy8</name>
         <value>0x2201</value>
         <object_component_ref idref="oc-3e"/>
      </symbol>
      <symbol id="sm-47c">
         <name>__aeabi_memcpy4</name>
         <value>0x2201</value>
         <object_component_ref idref="oc-3e"/>
      </symbol>
      <symbol id="sm-48b">
         <name>__aeabi_memset</name>
         <value>0x2337</value>
         <object_component_ref idref="oc-4a"/>
      </symbol>
      <symbol id="sm-48c">
         <name>memset</name>
         <value>0x233d</value>
         <object_component_ref idref="oc-4a"/>
      </symbol>
      <symbol id="sm-48d">
         <name>__aeabi_memset8</name>
         <value>0x2337</value>
         <object_component_ref idref="oc-4a"/>
      </symbol>
      <symbol id="sm-48e">
         <name>__aeabi_memset4</name>
         <value>0x2337</value>
         <object_component_ref idref="oc-4a"/>
      </symbol>
      <symbol id="sm-48f">
         <name>__aeabi_memclr8</name>
         <value>0x2335</value>
         <object_component_ref idref="oc-4a"/>
      </symbol>
      <symbol id="sm-490">
         <name>__aeabi_memclr4</name>
         <value>0x2335</value>
         <object_component_ref idref="oc-4a"/>
      </symbol>
      <symbol id="sm-491">
         <name>__aeabi_memclr</name>
         <value>0x2335</value>
         <object_component_ref idref="oc-4a"/>
      </symbol>
      <symbol id="sm-49b">
         <name>__mpu_init</name>
         <value>0x23af</value>
         <object_component_ref idref="oc-56"/>
      </symbol>
      <symbol id="sm-4bd">
         <name>open</name>
         <value>0x1fdd</value>
         <object_component_ref idref="oc-1bd"/>
      </symbol>
      <symbol id="sm-4c7">
         <name>_system_pre_init</name>
         <value>0x2a75</value>
         <object_component_ref idref="oc-5c"/>
      </symbol>
      <symbol id="sm-4e8">
         <name>setvbuf</name>
         <value>0x1e39</value>
         <object_component_ref idref="oc-188"/>
      </symbol>
      <symbol id="sm-4f0">
         <name>main_func_sp</name>
         <value>0x20000634</value>
         <object_component_ref idref="oc-74"/>
      </symbol>
      <symbol id="sm-500">
         <name>strchr</name>
         <value>0x29f9</value>
         <object_component_ref idref="oc-1e8"/>
      </symbol>
      <symbol id="sm-50f">
         <name>strcmp</name>
         <value>0x29e1</value>
         <object_component_ref idref="oc-1e2"/>
      </symbol>
      <symbol id="sm-51f">
         <name>strncpy</name>
         <value>0x2919</value>
         <object_component_ref idref="oc-1b1"/>
      </symbol>
      <symbol id="sm-53b">
         <name>_stream</name>
         <value>0x20000568</value>
         <object_component_ref idref="oc-22c"/>
      </symbol>
      <symbol id="sm-53c">
         <name>_device</name>
         <value>0x200004f0</value>
         <object_component_ref idref="oc-1b8"/>
      </symbol>
      <symbol id="sm-53d">
         <name>write</name>
         <value>0x297d</value>
         <object_component_ref idref="oc-28c"/>
      </symbol>
      <symbol id="sm-556">
         <name>_nop</name>
         <value>0x2a1f</value>
         <object_component_ref idref="oc-13d"/>
      </symbol>
      <symbol id="sm-557">
         <name>_lock</name>
         <value>0x20000618</value>
         <object_component_ref idref="oc-c8"/>
      </symbol>
      <symbol id="sm-558">
         <name>_unlock</name>
         <value>0x2000061c</value>
         <object_component_ref idref="oc-c8"/>
      </symbol>
      <symbol id="sm-559">
         <name>_register_lock</name>
         <value>0x2a17</value>
         <object_component_ref idref="oc-13d"/>
      </symbol>
      <symbol id="sm-55a">
         <name>_register_unlock</name>
         <value>0x2a11</value>
         <object_component_ref idref="oc-13d"/>
      </symbol>
      <symbol id="sm-56e">
         <name>_args_main</name>
         <value>0x29c9</value>
         <object_component_ref idref="oc-68"/>
      </symbol>
      <symbol id="sm-598">
         <name>__TI_auto_init</name>
         <value>0x23b1</value>
         <object_component_ref idref="oc-62"/>
      </symbol>
      <symbol id="sm-5b2">
         <name>copy_in</name>
         <value>0x2845</value>
         <object_component_ref idref="oc-af"/>
      </symbol>
      <symbol id="sm-5c8">
         <name>__TI_closefile</name>
         <value>0x229d</value>
         <object_component_ref idref="oc-1c3"/>
      </symbol>
      <symbol id="sm-5c9">
         <name>fclose</name>
         <value>0x2303</value>
         <object_component_ref idref="oc-1c3"/>
      </symbol>
      <symbol id="sm-5e3">
         <name>__TI_doflush</name>
         <value>0x1f15</value>
         <object_component_ref idref="oc-231"/>
      </symbol>
      <symbol id="sm-5e4">
         <name>fflush</name>
         <value>0x1f61</value>
         <object_component_ref idref="oc-231"/>
      </symbol>
      <symbol id="sm-5f5">
         <name>HOSTclose</name>
         <value>0x2891</value>
         <object_component_ref idref="oc-1f8"/>
      </symbol>
      <symbol id="sm-606">
         <name>HOSTlseek</name>
         <value>0x24f9</value>
         <object_component_ref idref="oc-20a"/>
      </symbol>
      <symbol id="sm-618">
         <name>parmbuf</name>
         <value>0x20000804</value>
      </symbol>
      <symbol id="sm-619">
         <name>HOSTopen</name>
         <value>0x2631</value>
         <object_component_ref idref="oc-1f2"/>
      </symbol>
      <symbol id="sm-62a">
         <name>HOSTread</name>
         <value>0x26ed</value>
         <object_component_ref idref="oc-1fe"/>
      </symbol>
      <symbol id="sm-63b">
         <name>HOSTrename</name>
         <value>0x2561</value>
         <object_component_ref idref="oc-216"/>
      </symbol>
      <symbol id="sm-64c">
         <name>HOSTunlink</name>
         <value>0x28d5</value>
         <object_component_ref idref="oc-210"/>
      </symbol>
      <symbol id="sm-65d">
         <name>HOSTwrite</name>
         <value>0x2745</value>
         <object_component_ref idref="oc-204"/>
      </symbol>
      <symbol id="sm-6cf">
         <name>_sys_memory</name>
         <value>0x20000000</value>
         <object_component_ref idref="oc-30"/>
      </symbol>
      <symbol id="sm-6d0">
         <name>free</name>
         <value>0xebb</value>
         <object_component_ref idref="oc-1cf"/>
      </symbol>
      <symbol id="sm-6d1">
         <name>realloc</name>
         <value>0xf7b</value>
         <object_component_ref idref="oc-1cf"/>
      </symbol>
      <symbol id="sm-6d2">
         <name>memalign</name>
         <value>0x1085</value>
         <object_component_ref idref="oc-1cf"/>
      </symbol>
      <symbol id="sm-6d3">
         <name>calloc</name>
         <value>0x1171</value>
         <object_component_ref idref="oc-1cf"/>
      </symbol>
      <symbol id="sm-6d4">
         <name>malloc</name>
         <value>0xe51</value>
         <object_component_ref idref="oc-1cf"/>
      </symbol>
      <symbol id="sm-6d5">
         <name>minit</name>
         <value>0xdd1</value>
         <object_component_ref idref="oc-1cf"/>
      </symbol>
      <symbol id="sm-6e0">
         <name>_system_post_cinit</name>
         <value>0x294f</value>
         <object_component_ref idref="oc-b5"/>
      </symbol>
      <symbol id="sm-6ee">
         <name>strcpy</name>
         <value>0x2a25</value>
         <object_component_ref idref="oc-279"/>
      </symbol>
      <symbol id="sm-6fc">
         <name>strlen</name>
         <value>0x2a39</value>
         <object_component_ref idref="oc-25f"/>
      </symbol>
      <symbol id="sm-717">
         <name>__TI_readmsg</name>
         <value>0x25fb</value>
         <object_component_ref idref="oc-265"/>
      </symbol>
      <symbol id="sm-718">
         <name>C$$IO$$</name>
         <value>0x25f7</value>
         <object_component_ref idref="oc-265"/>
      </symbol>
      <symbol id="sm-719">
         <name>__CIOBUF_</name>
         <value>0x2000063c</value>
         <object_component_ref idref="oc-2a2"/>
      </symbol>
      <symbol id="sm-71a">
         <name>__TI_writemsg</name>
         <value>0x25c9</value>
         <object_component_ref idref="oc-265"/>
      </symbol>
      <symbol id="sm-72a">
         <name>unlink</name>
         <value>0x2951</value>
         <object_component_ref idref="oc-23d"/>
      </symbol>
      <symbol id="sm-73e">
         <name>close</name>
         <value>0x2691</value>
         <object_component_ref idref="oc-237"/>
      </symbol>
      <symbol id="sm-73f">
         <name>__TI_static_base__</name>
         <value>0x0</value>
      </symbol>
      <symbol id="sm-742">
         <name>SHT$$INIT_ARRAY$$Limit</name>
         <value>0x0</value>
      </symbol>
      <symbol id="sm-743">
         <name>SHT$$INIT_ARRAY$$Base</name>
         <value>0x0</value>
      </symbol>
      <symbol id="sm-744">
         <name>NMI_Handler</name>
         <value>0x2a67</value>
      </symbol>
      <symbol id="sm-745">
         <name>HardFault_Handler</name>
         <value>0x2a67</value>
      </symbol>
      <symbol id="sm-746">
         <name>MemManage_Handler</name>
         <value>0x2a67</value>
      </symbol>
      <symbol id="sm-747">
         <name>BusFault_Handler</name>
         <value>0x2a67</value>
      </symbol>
      <symbol id="sm-748">
         <name>UsageFault_Handler</name>
         <value>0x2a67</value>
      </symbol>
      <symbol id="sm-749">
         <name>SVC_Handler</name>
         <value>0x2a67</value>
      </symbol>
      <symbol id="sm-74a">
         <name>DebugMon_Handler</name>
         <value>0x2a67</value>
      </symbol>
      <symbol id="sm-74b">
         <name>PendSV_Handler</name>
         <value>0x2a67</value>
      </symbol>
      <symbol id="sm-74c">
         <name>SysTick_Handler</name>
         <value>0x2a67</value>
      </symbol>
      <symbol id="sm-74d">
         <name>PSS_IRQHandler</name>
         <value>0x2a67</value>
      </symbol>
      <symbol id="sm-74e">
         <name>CS_IRQHandler</name>
         <value>0x2a67</value>
      </symbol>
      <symbol id="sm-74f">
         <name>PCM_IRQHandler</name>
         <value>0x2a67</value>
      </symbol>
      <symbol id="sm-750">
         <name>WDT_A_IRQHandler</name>
         <value>0x2a67</value>
      </symbol>
      <symbol id="sm-751">
         <name>FPU_IRQHandler</name>
         <value>0x2a67</value>
      </symbol>
      <symbol id="sm-752">
         <name>FLCTL_IRQHandler</name>
         <value>0x2a67</value>
      </symbol>
      <symbol id="sm-753">
         <name>COMP_E0_IRQHandler</name>
         <value>0x2a67</value>
      </symbol>
      <symbol id="sm-754">
         <name>COMP_E1_IRQHandler</name>
         <value>0x2a67</value>
      </symbol>
      <symbol id="sm-755">
         <name>TA0_0_IRQHandler</name>
         <value>0x2a67</value>
      </symbol>
      <symbol id="sm-756">
         <name>TA0_N_IRQHandler</name>
         <value>0x2a67</value>
      </symbol>
      <symbol id="sm-757">
         <name>TA1_0_IRQHandler</name>
         <value>0x2a67</value>
      </symbol>
      <symbol id="sm-758">
         <name>TA1_N_IRQHandler</name>
         <value>0x2a67</value>
      </symbol>
      <symbol id="sm-759">
         <name>TA2_0_IRQHandler</name>
         <value>0x2a67</value>
      </symbol>
      <symbol id="sm-75a">
         <name>TA2_N_IRQHandler</name>
         <value>0x2a67</value>
      </symbol>
      <symbol id="sm-75b">
         <name>TA3_0_IRQHandler</name>
         <value>0x1be7</value>
      </symbol>
      <symbol id="sm-75c">
         <name>TA3_N_IRQHandler</name>
         <value>0x1c01</value>
      </symbol>
      <symbol id="sm-75d">
         <name>EUSCIA0_IRQHandler</name>
         <value>0x2a67</value>
      </symbol>
      <symbol id="sm-75e">
         <name>EUSCIA1_IRQHandler</name>
         <value>0x2a67</value>
      </symbol>
      <symbol id="sm-75f">
         <name>EUSCIA2_IRQHandler</name>
         <value>0x2a67</value>
      </symbol>
      <symbol id="sm-760">
         <name>EUSCIA3_IRQHandler</name>
         <value>0x2a67</value>
      </symbol>
      <symbol id="sm-761">
         <name>EUSCIB0_IRQHandler</name>
         <value>0x2a67</value>
      </symbol>
      <symbol id="sm-762">
         <name>EUSCIB1_IRQHandler</name>
         <value>0x2a67</value>
      </symbol>
      <symbol id="sm-763">
         <name>EUSCIB2_IRQHandler</name>
         <value>0x2a67</value>
      </symbol>
      <symbol id="sm-764">
         <name>EUSCIB3_IRQHandler</name>
         <value>0x2a67</value>
      </symbol>
      <symbol id="sm-765">
         <name>ADC14_IRQHandler</name>
         <value>0x2a67</value>
      </symbol>
      <symbol id="sm-766">
         <name>T32_INT1_IRQHandler</name>
         <value>0x97d</value>
      </symbol>
      <symbol id="sm-767">
         <name>T32_INT2_IRQHandler</name>
         <value>0x2a67</value>
      </symbol>
      <symbol id="sm-768">
         <name>T32_INTC_IRQHandler</name>
         <value>0x2a67</value>
      </symbol>
      <symbol id="sm-769">
         <name>AES256_IRQHandler</name>
         <value>0x2a67</value>
      </symbol>
      <symbol id="sm-76a">
         <name>RTC_C_IRQHandler</name>
         <value>0x2a67</value>
      </symbol>
      <symbol id="sm-76b">
         <name>DMA_ERR_IRQHandler</name>
         <value>0x2a67</value>
      </symbol>
      <symbol id="sm-76c">
         <name>DMA_INT3_IRQHandler</name>
         <value>0x2a67</value>
      </symbol>
      <symbol id="sm-76d">
         <name>DMA_INT2_IRQHandler</name>
         <value>0x2a67</value>
      </symbol>
      <symbol id="sm-76e">
         <name>DMA_INT1_IRQHandler</name>
         <value>0x2a67</value>
      </symbol>
      <symbol id="sm-76f">
         <name>DMA_INT0_IRQHandler</name>
         <value>0x2a67</value>
      </symbol>
      <symbol id="sm-770">
         <name>PORT1_IRQHandler</name>
         <value>0x2a67</value>
      </symbol>
      <symbol id="sm-771">
         <name>PORT2_IRQHandler</name>
         <value>0x2a67</value>
      </symbol>
      <symbol id="sm-772">
         <name>PORT3_IRQHandler</name>
         <value>0x2a67</value>
      </symbol>
      <symbol id="sm-773">
         <name>PORT4_IRQHandler</name>
         <value>0x21cd</value>
      </symbol>
      <symbol id="sm-774">
         <name>PORT5_IRQHandler</name>
         <value>0x2a67</value>
      </symbol>
      <symbol id="sm-775">
         <name>PORT6_IRQHandler</name>
         <value>0x2a67</value>
      </symbol>
      <symbol id="sm-776">
         <name>remove</name>
         <value>0x2951</value>
      </symbol>
   </symbol_table>
   <title>Link successful</title>
</link_info>
